[00:19:42.020 INFO re_flora] Writing run log to /home/terence/.herdr/worktrees/re-flora/worktree-rtx-voxel-hardware-rt/target/re-flora-logs/re-flora-20260905-001942.020-234844.log
[00:19:42.020 INFO re_flora] [RUN_LOG] path=/home/terence/.herdr/worktrees/re-flora/worktree-rtx-voxel-hardware-rt/target/re-flora-logs/re-flora-20260905-001942.020-234844.log
[00:19:42.022 INFO re_flora::window::state] Selected borderless fullscreen monitor by Highest score: 'DP-2' 3840x2160 physical pixels (score 8294400)
[00:19:42.022 INFO re_flora::app::core::boot] Running with a hidden native window at 1920x1080 logical pixels; Vulkan surface/swapchain path is unchanged
[00:19:42.044 INFO re_flora::window::state] Wayland does not support hidden windows; requested minimized hidden window
[00:19:42.044 INFO re_flora::app::core::boot] Hidden window render extent is 2880x1620 physical pixels
[00:19:42.120 INFO re_flora_vkn::context::physical_device] +----------------------------------+--------------+-------------+-------------+-----------------------+
|                                  Physical Device Evaluation Report                                  |
+----------------------------------+--------------+-------------+-------------+-----------------------+
| Device                           | Type         | Memory (MB) | Suitability | Reason                |
+=====================================================================================================+
| NVIDIA GeForce RTX 3060 Ti       | DISCRETE_GPU | 8438.00     | Suitable    | All requirements met. |
|----------------------------------+--------------+-------------+-------------+-----------------------|
| llvmpipe (LLVM 21.1.8, 256 bits) | CPU          | 31919.84    | Suitable    | All requirements met. |
+----------------------------------+--------------+-------------+-------------+-----------------------+
[00:19:42.120 INFO re_flora_vkn::context::physical_device] 
--- Suitable Physical Devices ---
[00:19:42.120 INFO re_flora_vkn::context::physical_device] +----------------------------------+--------------+-------------+-------+-----------+
| Device                           | Type         | Memory (MB) | Score | Selected? |
+===================================================================================+
| NVIDIA GeForce RTX 3060 Ti       | DISCRETE_GPU | 8438.00     | 10032 | Yes       |
|----------------------------------+--------------+-------------+-------+-----------|
| llvmpipe (LLVM 21.1.8, 256 bits) | CPU          | 31919.84    | 224   |           |
+----------------------------------+--------------+-------------+-------+-----------+
[00:19:42.120 INFO re_flora_vkn::context::physical_device] 
--- Queue Family Analysis for Selected Device ---
[00:19:42.120 INFO re_flora_vkn::context::physical_device] +--------------------+----------+---------+---------+----------+----------------+
| Queue Family Index | Graphics | Present | Compute | Transfer | Sparse Binding |
+===============================================================================+
| 0                  | Yes      | Yes     | Yes     | Yes      | Yes            |
|--------------------+----------+---------+---------+----------+----------------|
| 1                  |          |         |         | Yes      | Yes            |
|--------------------+----------+---------+---------+----------+----------------|
| 2                  |          |         | Yes     | Yes      | Yes            |
|--------------------+----------+---------+---------+----------+----------------|
| 3                  |          |         |         | Yes      | Yes            |
|--------------------+----------+---------+---------+----------+----------------|
| 4                  |          |         |         | Yes      | Yes            |
|--------------------+----------+---------+---------+----------+----------------|
| 5                  |          |         |         | Yes      | Yes            |
+--------------------+----------+---------+---------+----------+----------------+
[00:19:42.120 INFO re_flora_vkn::context::physical_device] 
--- Selected Queue Family Indices ---
[00:19:42.120 INFO re_flora_vkn::context::physical_device] +--------------------------------------+--------------------+
| Queue Type                           | Queue Family Index |
+===========================================================+
| General (Graphics, Present, Compute) | 0                  |
|--------------------------------------+--------------------|
| Dedicated Transfer (if available)    | 1                  |
+--------------------------------------+--------------------+
[00:19:42.120 INFO re_flora_vkn::context::physical_device] Selected physical device: NVIDIA GeForce RTX 3060 Ti
[00:19:42.231 INFO re_flora_vkn::swapchain] +----------------+----------------+
| Desired        | Using          |
+=================================+
| B8G8R8A8_SRGB  | B8G8R8A8_SRGB  |
|----------------+----------------|
| SRGB_NONLINEAR | SRGB_NONLINEAR |
+----------------+----------------+
[00:19:42.231 INFO re_flora_vkn::swapchain] Available present modes: [MAILBOX, FIFO]
[00:19:42.231 INFO re_flora_vkn::swapchain] Preferred swapchain present mode: AUTO (MAILBOX -> FIFO -> first supported)
[00:19:42.231 INFO re_flora_vkn::swapchain] Chosen swapchain present mode: MAILBOX
[00:19:42.231 INFO re_flora_vkn::swapchain] Swapchain image count: min=2, max=8, using=2 (override=None)
[00:19:42.333 INFO re_flora::app::core] Contree pool sizes: node=27.43 MiB leaf=90.00 MiB chunk_dim=UVec3(2, 2, 2) per_chunk_node=3195660 bytes per_chunk_leaf=10 MiB
[00:19:42.366 INFO petalsonic::spatial::processor] PetalSonic spatial processor: hrtf_backend=Native, acoustics_backend=NativeAsync, use_ambisonics=false, ambisonics_backend=Native, environmental_acoustics_enabled=true
[00:19:42.374 INFO petalsonic::output_session] PetalSonic master headroom: -6 dB (linear gain 0.501)
[00:19:42.453 INFO re_flora::tracer::resources] [SHADOW] using VSM shadow map 1024x1024
[00:19:42.453 INFO re_flora::tracer::resources] [CLOUD_SHADOW] using Beer transmittance map 256x256 with temporal resolve
[00:19:42.453 INFO re_flora::tracer::resources] [LEAF_SHADOW] using 2D opacity map 2048x2048, temporal history, and influence mask 256x256
[00:19:42.472 WARN re_flora::tracer::resources] Found multiple butterfly atlases in '/home/terence/.herdr/worktrees/re-flora/worktree-rtx-voxel-hardware-rt//assets/texture/butterfly_16px', using '/home/terence/.herdr/worktrees/re-flora/worktree-rtx-voxel-hardware-rt//assets/texture/butterfly_16px/butterfly.png'
[00:19:42.563 INFO re_flora::tracer::extent_dependent_resources] [GLASS][RESOURCES] enabled=false extent=2x2 bytes=184 mib=0.00 image_bytes=128 cache_entries=1 cache_bytes=56 feature_off_placeholder=true
[00:19:42.563 INFO re_flora::ddgi::resources] [DDGI] allocated stage=allocated spacing_voxels=32 grid=17x17x17 probes=4913 irradiance=710x700 RGBA32F visibility=1278x1260 RG32F ray_budget_per_frame=32768 ray_batch=512x64 metadata_bytes=235824 irradiance_bytes=7952000 transport_source_irradiance_bytes=7952000 visibility_bytes=12882240 transport_source_visibility_bytes=12882240 ray_bytes=524288 trace_stats_bytes=124 relocation_stats_bytes=56 atlas_reduction_bytes=28 global_sky_bytes=3200 snapshot_uniform_bytes=128 transport_query_bytes=64 local_light_bytes=688 total_mib=40.47
[00:19:42.563 INFO re_flora::tracer] [DDGI][HARD_ORIGIN] terrain_mode=surface-fixed
[00:19:42.563 INFO re_flora::tracer] [DDGI][VISIBILITY] runtime_consumers=moment transport_and_reference=moment+exact
[00:19:42.566 INFO re_flora::ddgi::voxel_visibility] [DDGI][VOXEL_VISIBILITY] allocated voxels=512x512x512 packed=16x512x512 blocks=64x64x64 bytes=17039360 mib=16.25 max_steps=1539 glass_experiment_enabled=false glass_material_revision=0
[00:19:42.591 INFO re_flora::tracer] [ENV_LIGHTING] backend=ddgi ready=false state=initializing
[00:19:42.591 INFO re_flora::app::core] [CAMERA_SNAPSHOT] Loaded 4 snapshots from config/camera_snapshots.toml
[00:19:42.592 INFO re_flora::app::gui_config_loader] Loaded GUI config: /home/terence/.herdr/worktrees/re-flora/worktree-rtx-voxel-hardware-rt/config/gui.toml (schema v1, 21 sections, 237 params)
[00:19:42.680 INFO re_flora::app::core::water::coordinator] [WATER] config profile=None experience=false gui_config_applied=true particles=0 grid=UVec3(64, 64, 64) substep_dt=0.004167s terrain_margin_cells=0.00 boundary_density_min_fluid_fraction=0.50 boundary_density_max_correction=2.00 boundary_density_transition_cells=1.00 damping=0.25/s quiet_settling=3.80/50.00/s terrain_tangent_damping=4.00/s debug_spawn_height_offset=0.45 gravity=Vec3(0.0, -9.8, 0.0) stiffness=16.0 gamma=4.00 j_min=0.050 viscosity=0.030 pressure_floor=-0.100 wall_damping=0.00 collider_bounds Vec3(0.0, 0.0, 0.0)..Vec3(2.0, 2.0, 2.0) initial_fluid=None cells_per_unit=32
[00:19:42.680 INFO re_flora::app::core] --mute: forcing master audio output volume to 0 while keeping audio engine processing active
[00:19:42.681 INFO re_flora::app::core] Loaded custom GUI font from assets/font/PixelifySans-VariableFont_wght.ttf
[00:19:42.682 INFO re_flora::app::core::camera_snapshot_ui] [CAMERA_SNAPSHOT] Using default player camera; no snapshot requested
[00:19:42.685 INFO re_flora_water::pond] [WATER][INIT] seeded 0 initial particles bounds Vec3(0.0, 0.0, 0.0)..Vec3(2.0, 2.0, 2.0) initial_fluid=None grid UVec3(64, 64, 64) dx 0.03125 particle_volume 0.000043 rest_density 4.0
[00:19:42.691 INFO re_flora_vkn::swapchain] +----------------+----------------+
| Desired        | Using          |
+=================================+
| B8G8R8A8_SRGB  | B8G8R8A8_SRGB  |
|----------------+----------------|
| SRGB_NONLINEAR | SRGB_NONLINEAR |
+----------------+----------------+
[00:19:42.691 INFO re_flora_vkn::swapchain] Available present modes: [MAILBOX, FIFO]
[00:19:42.691 INFO re_flora_vkn::swapchain] Preferred swapchain present mode: AUTO (MAILBOX -> FIFO -> first supported)
[00:19:42.691 INFO re_flora_vkn::swapchain] Chosen swapchain present mode: MAILBOX
[00:19:42.691 INFO re_flora_vkn::swapchain] Swapchain image count: min=2, max=8, using=2 (override=None)
[00:19:42.694 INFO re_flora::tracer::extent_dependent_resources] [GLASS][RESOURCES] enabled=false extent=2x2 bytes=184 mib=0.00 image_bytes=128 cache_entries=1 cache_bytes=56 feature_off_placeholder=true
[00:19:42.695 INFO re_flora::app::core::lifecycle] [RESIZE] published generation=2 extent=2880x1620 tracer_generation=2
[00:19:42.719 INFO re_flora::app::core::emissive_voxel_lighting] [LOCAL_LIGHT][VOXEL_PROVIDER_SCHEDULE] full_chunks_scheduled=1 full_cells_scheduled=0 worker_submissions=1 worker_coalesced=0 discarded_stagings=0 local_max_cells=16 local_soft_budget_ms=0.250 backlog_full_chunks=1 backlog_full_cells=0 backlog_priority_cells=0 awaiting_dependency_cells=0
[00:19:42.719 INFO re_flora::app::core::emissive_voxel_lighting] [LOCAL_LIGHT][VOXEL_PROVIDER_FULL] chunk=UVec3(0, 1, 0) source_revision=Some(1) is_present=false dense_cells=0 emitter_voxels=0 scan_frames=0 worker_or_scan_cpu_ms=0.000 publication_cpu_ms=0.000 provider_changed=false provider_source_revision=0 provider_source_count=0 registry_revision=0 registry_source_revision=1 backlog_full_chunks=1 backlog_full_cells=0 backlog_priority_cells=0 discarded_stagings=0 stale_worker_results=0 worker_not_ready=0
[00:19:42.723 INFO re_flora::app::core::emissive_voxel_lighting] [LOCAL_LIGHT][VOXEL_PROVIDER_FULL] chunk=UVec3(0, 1, 1) source_revision=Some(1) is_present=false dense_cells=0 emitter_voxels=0 scan_frames=0 worker_or_scan_cpu_ms=0.000 publication_cpu_ms=0.000 provider_changed=false provider_source_revision=0 provider_source_count=0 registry_revision=0 registry_source_revision=1 backlog_full_chunks=0 backlog_full_cells=0 backlog_priority_cells=0 discarded_stagings=0 stale_worker_results=0 worker_not_ready=0
[00:19:42.723 INFO re_flora::app::core::emissive_voxel_lighting] [LOCAL_LIGHT][VOXEL_PROVIDER_FULL] chunk=UVec3(0, 0, 0) source_revision=Some(1) is_present=true dense_cells=0 emitter_voxels=0 scan_frames=1 worker_or_scan_cpu_ms=1.238 publication_cpu_ms=0.397 provider_changed=false provider_source_revision=0 provider_source_count=0 registry_revision=0 registry_source_revision=1 backlog_full_chunks=0 backlog_full_cells=0 backlog_priority_cells=0 discarded_stagings=0 stale_worker_results=0 worker_not_ready=0
[00:19:42.725 INFO re_flora::app::core::emissive_voxel_lighting] [LOCAL_LIGHT][VOXEL_PROVIDER_SCHEDULE] full_chunks_scheduled=1 full_cells_scheduled=0 worker_submissions=1 worker_coalesced=0 discarded_stagings=0 local_max_cells=16 local_soft_budget_ms=0.250 backlog_full_chunks=1 backlog_full_cells=0 backlog_priority_cells=0 awaiting_dependency_cells=0
[00:19:42.728 INFO re_flora::app::core::emissive_voxel_lighting] [LOCAL_LIGHT][VOXEL_PROVIDER_FULL] chunk=UVec3(0, 0, 1) source_revision=Some(1) is_present=true dense_cells=0 emitter_voxels=0 scan_frames=1 worker_or_scan_cpu_ms=1.189 publication_cpu_ms=0.409 provider_changed=false provider_source_revision=0 provider_source_count=0 registry_revision=0 registry_source_revision=1 backlog_full_chunks=0 backlog_full_cells=0 backlog_priority_cells=0 discarded_stagings=0 stale_worker_results=0 worker_not_ready=0
[00:19:42.729 INFO re_flora::app::core::emissive_voxel_lighting] [LOCAL_LIGHT][VOXEL_PROVIDER_SCHEDULE] full_chunks_scheduled=1 full_cells_scheduled=0 worker_submissions=1 worker_coalesced=0 discarded_stagings=0 local_max_cells=16 local_soft_budget_ms=0.250 backlog_full_chunks=1 backlog_full_cells=0 backlog_priority_cells=0 awaiting_dependency_cells=0
[00:19:42.729 INFO re_flora::app::core::emissive_voxel_lighting] [LOCAL_LIGHT][VOXEL_PROVIDER_FULL] chunk=UVec3(1, 1, 0) source_revision=Some(1) is_present=false dense_cells=0 emitter_voxels=0 scan_frames=0 worker_or_scan_cpu_ms=0.000 publication_cpu_ms=0.000 provider_changed=false provider_source_revision=0 provider_source_count=0 registry_revision=0 registry_source_revision=1 backlog_full_chunks=1 backlog_full_cells=0 backlog_priority_cells=0 discarded_stagings=0 stale_worker_results=0 worker_not_ready=0
[00:19:42.731 INFO re_flora::app::core::emissive_voxel_lighting] [LOCAL_LIGHT][VOXEL_PROVIDER_FULL] chunk=UVec3(1, 1, 1) source_revision=Some(1) is_present=false dense_cells=0 emitter_voxels=0 scan_frames=0 worker_or_scan_cpu_ms=0.000 publication_cpu_ms=0.000 provider_changed=false provider_source_revision=0 provider_source_count=0 registry_revision=0 registry_source_revision=1 backlog_full_chunks=0 backlog_full_cells=0 backlog_priority_cells=0 discarded_stagings=0 stale_worker_results=0 worker_not_ready=0
[00:19:42.731 INFO re_flora::app::core::emissive_voxel_lighting] [LOCAL_LIGHT][VOXEL_PROVIDER_FULL] chunk=UVec3(1, 0, 0) source_revision=Some(1) is_present=true dense_cells=0 emitter_voxels=0 scan_frames=1 worker_or_scan_cpu_ms=1.267 publication_cpu_ms=0.402 provider_changed=false provider_source_revision=0 provider_source_count=0 registry_revision=0 registry_source_revision=1 backlog_full_chunks=0 backlog_full_cells=0 backlog_priority_cells=0 discarded_stagings=0 stale_worker_results=0 worker_not_ready=0
[00:19:42.757 INFO re_flora::app::core::emissive_voxel_lighting] [LOCAL_LIGHT][VOXEL_PROVIDER_SCHEDULE] full_chunks_scheduled=1 full_cells_scheduled=0 worker_submissions=1 worker_coalesced=0 discarded_stagings=0 local_max_cells=16 local_soft_budget_ms=0.250 backlog_full_chunks=1 backlog_full_cells=0 backlog_priority_cells=0 awaiting_dependency_cells=0
[00:19:42.784 INFO re_flora::app::core::emissive_voxel_lighting] [LOCAL_LIGHT][VOXEL_PROVIDER_FULL] chunk=UVec3(1, 0, 1) source_revision=Some(1) is_present=true dense_cells=0 emitter_voxels=0 scan_frames=1 worker_or_scan_cpu_ms=1.333 publication_cpu_ms=0.424 provider_changed=false provider_source_revision=0 provider_source_count=0 registry_revision=0 registry_source_revision=1 backlog_full_chunks=0 backlog_full_cells=0 backlog_priority_cells=0 discarded_stagings=0 stale_worker_results=0 worker_not_ready=0
[00:19:42.913 INFO re_flora::app::core::water::terrain] [WATER][TERRAIN] refreshed GPU filled-solid grid chunk UVec3(0, 0, 1) solid_samples 13378/32768 source_dim UVec3(32, 32, 32) atlas_offset=UVec3(0, 0, 256) atlas_dim=UVec3(256, 256, 256) sample_dim=UVec3(32, 32, 32) readback_samples=32768/32768 readback_bytes=131072 gpu_prepare=0.001ms gpu_submit=0.051ms gpu_completion_latency=25.522ms gpu_readback=0.016ms gpu_convert=0.007ms gpu_sample_total=25.618ms convert=0.004ms total=0.044ms
[00:19:42.939 INFO re_flora::app::core::water::terrain] [WATER][TERRAIN] refreshed GPU filled-solid grid chunk UVec3(0, 1, 1) solid_samples 0/32768 source_dim UVec3(32, 32, 32) atlas_offset=UVec3(0, 256, 256) atlas_dim=UVec3(256, 256, 256) sample_dim=UVec3(32, 32, 32) readback_samples=32768/32768 readback_bytes=131072 gpu_prepare=0.000ms gpu_submit=0.051ms gpu_completion_latency=25.839ms gpu_readback=0.013ms gpu_convert=0.006ms gpu_sample_total=25.927ms convert=0.004ms total=0.039ms
[00:19:42.964 INFO re_flora::app::core::water::terrain] [WATER][TERRAIN] refreshed GPU filled-solid grid chunk UVec3(1, 0, 1) solid_samples 16766/32768 source_dim UVec3(32, 32, 32) atlas_offset=UVec3(256, 0, 256) atlas_dim=UVec3(256, 256, 256) sample_dim=UVec3(32, 32, 32) readback_samples=32768/32768 readback_bytes=131072 gpu_prepare=0.000ms gpu_submit=0.050ms gpu_completion_latency=25.442ms gpu_readback=0.013ms gpu_convert=0.005ms gpu_sample_total=25.531ms convert=0.004ms total=0.037ms
[00:19:42.990 INFO re_flora::app::core::water::terrain] [WATER][TERRAIN] refreshed GPU filled-solid grid chunk UVec3(1, 1, 1) solid_samples 0/32768 source_dim UVec3(32, 32, 32) atlas_offset=UVec3(256, 256, 256) atlas_dim=UVec3(256, 256, 256) sample_dim=UVec3(32, 32, 32) readback_samples=32768/32768 readback_bytes=131072 gpu_prepare=0.000ms gpu_submit=0.042ms gpu_completion_latency=25.819ms gpu_readback=0.015ms gpu_convert=0.008ms gpu_sample_total=25.898ms convert=0.004ms total=0.040ms
[00:19:43.016 INFO re_flora::app::core::water::terrain] [WATER][TERRAIN] refreshed GPU filled-solid grid chunk UVec3(0, 0, 0) solid_samples 14161/32768 source_dim UVec3(32, 32, 32) atlas_offset=UVec3(0, 0, 0) atlas_dim=UVec3(256, 256, 256) sample_dim=UVec3(32, 32, 32) readback_samples=32768/32768 readback_bytes=131072 gpu_prepare=0.000ms gpu_submit=0.042ms gpu_completion_latency=25.659ms gpu_readback=0.016ms gpu_convert=0.007ms gpu_sample_total=25.741ms convert=0.004ms total=0.043ms
[00:19:43.042 INFO re_flora::app::core::water::terrain] [WATER][TERRAIN] refreshed GPU filled-solid grid chunk UVec3(0, 1, 0) solid_samples 0/32768 source_dim UVec3(32, 32, 32) atlas_offset=UVec3(0, 256, 0) atlas_dim=UVec3(256, 256, 256) sample_dim=UVec3(32, 32, 32) readback_samples=32768/32768 readback_bytes=131072 gpu_prepare=0.000ms gpu_submit=0.053ms gpu_completion_latency=25.633ms gpu_readback=0.014ms gpu_convert=0.007ms gpu_sample_total=25.725ms convert=0.008ms total=0.045ms
[00:19:43.068 INFO re_flora::app::core::water::terrain] [WATER][TERRAIN] refreshed GPU filled-solid grid chunk UVec3(1, 0, 0) solid_samples 16590/32768 source_dim UVec3(32, 32, 32) atlas_offset=UVec3(256, 0, 0) atlas_dim=UVec3(256, 256, 256) sample_dim=UVec3(32, 32, 32) readback_samples=32768/32768 readback_bytes=131072 gpu_prepare=0.000ms gpu_submit=0.050ms gpu_completion_latency=25.888ms gpu_readback=0.018ms gpu_convert=0.007ms gpu_sample_total=25.980ms convert=0.004ms total=0.045ms
[00:19:43.093 INFO re_flora::app::core::water::terrain] [WATER][TERRAIN] refreshed GPU filled-solid grid chunk UVec3(1, 1, 0) solid_samples 0/32768 source_dim UVec3(32, 32, 32) atlas_offset=UVec3(256, 256, 0) atlas_dim=UVec3(256, 256, 256) sample_dim=UVec3(32, 32, 32) readback_samples=32768/32768 readback_bytes=131072 gpu_prepare=0.000ms gpu_submit=0.047ms gpu_completion_latency=25.752ms gpu_readback=0.014ms gpu_convert=0.007ms gpu_sample_total=25.839ms convert=0.004ms total=0.043ms
[00:19:43.656 INFO re_flora::app::core::physics] [COLLISION][WORLD] imported logical_bricks=4096 non_empty_colliders=727 elapsed_ms=926.729 avg_ms_per_brick=0.226
[00:19:43.657 INFO re_flora::particles::emitters] Butterfly worm noise frequency: 0.15
[00:19:43.657 INFO re_flora::particles::emitters] Butterfly worm noise detail frequency: 1
[00:19:43.661 INFO re_flora::app::core::vegetation] [TREE_DEBUG] compile trunks=1941 leaf_anchors=29 leaf_instances=15196 canopy_generation=1 canopy_samples=8 canopy_weight=1.000 canopy_min_clearance_voxels=10.145 size=20.000 trunk_thickness=0.400 min_trunk_thickness=1.050 thickness_reduction=0.610 iterations=7 radius_min=1.050 radius_max=8.000 length_min=0.953 length_max=6.702 short_segments=0 radius_delta_gt_length=0 bound_min=Vec3(224.02296, 96.99997, 194.76778) bound_max=Vec3(301.14136, 210.65727, 319.86328)
[00:19:43.662 INFO re_flora::builder::plain] [TREE_DEBUG] round_cone_dispatch cones=1941 offset=UVec3(224, 96, 194) dim=UVec3(78, 115, 126) voxels=1130220
[00:19:43.673 INFO re_flora::tracer] [DDGI][VOXEL_VISIBILITY] published geometry_revision=1 packed_offset=[0, 0, 0] packed=16x512x512 block_offset=[0, 0, 0] blocks=64x64x64 elapsed_ms=2.347
[00:19:43.673 INFO re_flora::tracer] [DDGI] runtime observed visible terrain revision=1 newly_observed=true edit_voxel_bound=UVec3(0, 0, 0)..UVec3(512, 256, 512) combined_edit_voxel_bound=Some((UVec3(0, 0, 0), UVec3(512, 256, 512))) invalidation_voxel_bound=Some((UVec3(0, 0, 0), UVec3(512, 288, 512))) coordinator=AwaitingTerrain { latest_terrain_revision: 1 }
[00:19:43.673 INFO re_flora::app::core::visible_terrain] [PERF][VISIBLE_TERRAIN_PUBLICATION] chunks=4 terrain_changed=true revision=Some(1) elapsed_ms=10.09
[00:19:43.675 INFO re_flora::tracer] [LEAF_SHADOW_PROXY] tree=0 sources=14572 proxies=8712 ratio=0.598 coarse_proxies=1305 refined_proxies=7407 coarse_cell_voxels=4 fine_cell_voxels=2 optical_area_preserved=true
[00:19:43.676 INFO re_flora::app::core::physics] [COLLISION][FRUIT] dropped tree=0 fruit=58004118259723603 body=1 cycle=1.000 position_voxels=UVec3(286, 170, 302)
[00:19:43.676 INFO re_flora::app::core::physics] [COLLISION][FRUIT] dropped tree=0 fruit=523506309883301452 body=2 cycle=1.000 position_voxels=UVec3(276, 180, 212)
[00:19:43.676 INFO re_flora::app::core::physics] [COLLISION][FRUIT] dropped tree=0 fruit=2377769373905047949 body=3 cycle=1.000 position_voxels=UVec3(284, 192, 240)
[00:19:43.676 INFO re_flora::app::core::physics] [COLLISION][FRUIT] dropped tree=0 fruit=2654719703777634011 body=4 cycle=1.000 position_voxels=UVec3(277, 169, 313)
[00:19:43.676 INFO re_flora::app::core::physics] [COLLISION][FRUIT] dropped tree=0 fruit=4355240104586327797 body=5 cycle=1.000 position_voxels=UVec3(267, 190, 241)
[00:19:43.676 INFO re_flora::app::core::physics] [COLLISION][FRUIT] dropped tree=0 fruit=4750223571212821674 body=6 cycle=1.000 position_voxels=UVec3(246, 189, 215)
[00:19:43.676 INFO re_flora::app::core::physics] [COLLISION][FRUIT] dropped tree=0 fruit=7818203744804085419 body=7 cycle=1.000 position_voxels=UVec3(266, 179, 205)
[00:19:43.676 INFO re_flora::app::core::physics] [COLLISION][FRUIT] dropped tree=0 fruit=8021164957917697814 body=8 cycle=1.000 position_voxels=UVec3(265, 180, 207)
[00:19:43.676 INFO re_flora::app::core::physics] [COLLISION][FRUIT] dropped tree=0 fruit=9321616977115315077 body=9 cycle=1.000 position_voxels=UVec3(248, 195, 267)
[00:19:43.676 INFO re_flora::app::core::physics] [COLLISION][FRUIT] dropped tree=0 fruit=13003871329179277617 body=10 cycle=1.000 position_voxels=UVec3(300, 184, 274)
[00:19:43.676 INFO re_flora::app::core::physics] [COLLISION][FRUIT] dropped tree=0 fruit=13717150505290715541 body=11 cycle=1.000 position_voxels=UVec3(265, 191, 288)
[00:19:43.676 INFO re_flora::app::core::physics] [COLLISION][FRUIT] dropped tree=0 fruit=14004706156141849743 body=12 cycle=1.000 position_voxels=UVec3(245, 189, 288)
[00:19:43.676 INFO re_flora::app::core::physics] [COLLISION][FRUIT] dropped tree=0 fruit=14964911057259600178 body=13 cycle=1.000 position_voxels=UVec3(286, 187, 276)
[00:19:43.676 INFO re_flora::app::core::physics] [COLLISION][FRUIT] dropped tree=0 fruit=15020064011451734498 body=14 cycle=1.000 position_voxels=UVec3(260, 188, 307)
[00:19:43.676 INFO re_flora::app::core::physics] [COLLISION][FRUIT] dropped tree=0 fruit=15834789555933825907 body=15 cycle=1.000 position_voxels=UVec3(258, 181, 300)
[00:19:43.676 INFO re_flora::app::core::physics] [COLLISION][FRUIT] dropped tree=0 fruit=18255731634463154271 body=16 cycle=1.000 position_voxels=UVec3(258, 176, 197)
[00:19:43.676 INFO re_flora::app::core::physics] [COLLISION][FRUIT] dropped tree=0 fruit=18426365956184074764 body=17 cycle=1.000 position_voxels=UVec3(255, 168, 315)
[00:19:43.676 INFO re_flora::app::core::vegetation] [PERF][TREE_GUI] add_total 19.06ms compile 4.74ms trunk_voxel 0.46ms leaves 2.97ms fruit 0.66ms shadow 0.00ms visible_terrain 10.11ms cluster 0.01ms audio 0.01ms leaf_emitter 0.00ms canonical_record 0.00ms trunks 1941 leaf_anchors 29 leaf_instances 14572 apples 17 leaf_clusters 7 canopy_generation 1 canopy_audio_sources 1 rebuild_chunks 4 bound UAabb3 { min: UVec3(224, 96, 194), max: UVec3(302, 211, 320) }
[00:19:43.676 INFO re_flora::app::core::vegetation] [PERF][TREE_GUI] replace_total 19.07ms publication 3.65ms
[00:19:43.676 INFO re_flora::app::core::vegetation] Planted startup tuning tree at Vec3(1.0, 0.41015613, 1.0)
[00:19:43.676 INFO re_flora::app::core::water::terrain] [WATER][TERRAIN] enqueued startup collider rebuilds for 8 water-domain chunks, skipped 0 out-of-domain chunks
[00:19:43.676 INFO re_flora::tracer] [DDGI][VOXEL_VISIBILITY] reused geometry_revision=1
[00:19:43.676 INFO re_flora::tracer] [DDGI] runtime observed visible terrain revision=1 newly_observed=false edit_voxel_bound=UVec3(0, 0, 0)..UVec3(512, 512, 512) combined_edit_voxel_bound=Some((UVec3(0, 0, 0), UVec3(512, 256, 512))) invalidation_voxel_bound=Some((UVec3(0, 0, 0), UVec3(512, 288, 512))) coordinator=AwaitingTerrain { latest_terrain_revision: 1 }
[00:19:43.676 INFO re_flora::app::core::visible_terrain] [PERF][VISIBLE_TERRAIN_PUBLICATION] chunks=8 terrain_changed=false revision=None elapsed_ms=995.96
[00:19:43.678 INFO re_flora::tracer] [DDGI] initialization requested terrain_revision=1 spacing_voxels=32 probes=4913 stage=RelocationPending convergence_max_absolute_rgb_delta=0.0025 convergence_max_relative_rgb_delta=0.02 convergence_relative_floor=0.05 convergence_consecutive_epochs=2 convergence_minimum_update_epochs=8 convergence_maximum_update_epochs=128
[00:19:43.678 INFO re_flora::app::core::particles] [BUTTERFLY][SPAWN_SOURCES] ground_flora=0 tree_leaves=14572 total=14572 rate_per_source_per_second=0.000020
[00:19:43.678 INFO re_flora::tracer::local_light_live_publication] [LOCAL_LIGHT][LIVE] source_revision=1 registry_revision=0 live_gpu_revision=0 count=0 capacity=8 overflow_count=0 selection_changed=false direct_upload=true
[00:19:43.678 INFO re_flora::tracer] [DDGI][LIGHTING] transport_published=true live_revision=1 transport_revision=1 source_live_revision=1 revision_lag=0 coalesced_live_revisions=0 published_at_ms=997 transport_age_ms=0 change_reason=Initial sun_angle_degrees=0.0000 sun_color_relative=0.00000 sun_luminance_relative=0.00000 non_solar_changed=false local_lights_changed=false local_light_source_revision=1 local_light_count=0 sun_direction=Vec3(0.8163623, 0.5273512, 0.23548566) sun_color=Vec3(1.0, 0.94509804, 0.8784314) sun_luminance=2.0000
[00:19:43.679 INFO re_flora::tracer] [DDGI] global sky ready revision=1 interior=8x8 stored=10x10 samples_per_texel=2048 stage=Rebuilding
[00:19:43.679 INFO re_flora::tracer] [DDGI] relocation complete terrain_revision=1 probes=4913 spacing_voxels=32 max_displacement_voxels=16 min_clearance_voxels=1 preferred_clearance_voxels=8 local_search_radius_voxels=8 stage=Rebuilding
[00:19:43.679 INFO re_flora::tracer::flora_lighting_cache] [DDGI][FLORA_CACHE] allocated frame_slot=0 entries=16384 bytes=262144 mib=0.25
[00:19:43.680 INFO re_flora::audio::spatial_sound_manager] PetalSonic runtime: state=Running, device=Some("default"), generation=1, sample_rate=44100, channels=2
[00:19:43.680 INFO re_flora::app::core::emissive_voxel_lighting] [LOCAL_LIGHT][VOXEL_PROVIDER_SCHEDULE] full_chunks_scheduled=1 full_cells_scheduled=0 worker_submissions=1 worker_coalesced=0 discarded_stagings=0 local_max_cells=16 local_soft_budget_ms=0.250 backlog_full_chunks=1 backlog_full_cells=0 backlog_priority_cells=0 awaiting_dependency_cells=12288
[00:19:43.680 INFO re_flora::app::core::water::terrain] [WATER][TERRAIN] refreshed GPU filled-solid grid chunk UVec3(0, 1, 1) solid_samples 0/32768 source_dim UVec3(32, 32, 32) atlas_offset=UVec3(0, 256, 256) atlas_dim=UVec3(256, 256, 256) sample_dim=UVec3(32, 32, 32) readback_samples=32768/32768 readback_bytes=131072 gpu_prepare=0.000ms gpu_submit=0.040ms gpu_completion_latency=1.965ms gpu_readback=0.011ms gpu_convert=0.004ms gpu_sample_total=2.034ms convert=0.004ms total=0.035ms
[00:19:43.686 INFO re_flora::tracer] [DDGI] relocation stats probes=4913 valid=3832 failed=1081 fast_target=2569 local_target=482 outer_target=719 outer_best_effort=15 full_escape=47 moved=1263 clearance_below_half_target=20 clearance_half_to_target=42 clearance_target=3770 clearance_sum=30435 distance_squared_twice_sum=473112
[00:19:43.687 INFO re_flora::app::core::emissive_voxel_lighting] [LOCAL_LIGHT][VOXEL_PROVIDER_FULL] chunk=UVec3(0, 0, 0) source_revision=Some(2) is_present=true dense_cells=0 emitter_voxels=0 scan_frames=3 worker_or_scan_cpu_ms=1.255 publication_cpu_ms=0.408 provider_changed=false provider_source_revision=0 provider_source_count=0 registry_revision=0 registry_source_revision=1 backlog_full_chunks=0 backlog_full_cells=0 backlog_priority_cells=0 discarded_stagings=0 stale_worker_results=0 worker_not_ready=0
[00:19:43.688 INFO re_flora::app::core::water::terrain] [WATER][TERRAIN] refreshed GPU filled-solid grid chunk UVec3(1, 1, 1) solid_samples 0/32768 source_dim UVec3(32, 32, 32) atlas_offset=UVec3(256, 256, 256) atlas_dim=UVec3(256, 256, 256) sample_dim=UVec3(32, 32, 32) readback_samples=32768/32768 readback_bytes=131072 gpu_prepare=0.000ms gpu_submit=0.049ms gpu_completion_latency=7.750ms gpu_readback=0.013ms gpu_convert=0.006ms gpu_sample_total=7.832ms convert=0.004ms total=0.037ms
[00:19:43.688 INFO re_flora::app::core::water::terrain] [WATER][TERRAIN] built collider chunk IVec3(0, 0, 1) rev 1 latest=true dim UVec3(32, 32, 32) bounds Vec3(0.0, 0.0, 1.0)..Vec3(1.0, 1.0, 2.0) sdf -0.507..0.661 sdf_hash 1e480143ab0c058f solid_samples 13378/32768 source gpu-sampled-solid-grid source_chunk UVec3(0, 0, 1) source_dim UVec3(32, 32, 32) source_solid_voxels 13378 center_sdf=Some(0.09194806) build_ms=8.40 phases solid=0.00 count=0.00 sdf=8.36 stats=0.04 queue_pending=7
[00:19:43.690 INFO re_flora::app::core::emissive_voxel_lighting] [LOCAL_LIGHT][VOXEL_PROVIDER_SCHEDULE] full_chunks_scheduled=1 full_cells_scheduled=0 worker_submissions=1 worker_coalesced=0 discarded_stagings=0 local_max_cells=16 local_soft_budget_ms=0.250 backlog_full_chunks=1 backlog_full_cells=0 backlog_priority_cells=0 awaiting_dependency_cells=8192
[00:19:43.692 INFO re_flora::app::core::water::terrain] [WATER][TERRAIN] refreshed GPU filled-solid grid chunk UVec3(0, 0, 0) solid_samples 14168/32768 source_dim UVec3(32, 32, 32) atlas_offset=UVec3(0, 0, 0) atlas_dim=UVec3(256, 256, 256) sample_dim=UVec3(32, 32, 32) readback_samples=32768/32768 readback_bytes=131072 gpu_prepare=0.000ms gpu_submit=0.054ms gpu_completion_latency=3.448ms gpu_readback=0.013ms gpu_convert=0.007ms gpu_sample_total=3.538ms convert=0.004ms total=0.038ms
[00:19:43.694 INFO re_flora::app::core::emissive_voxel_lighting] [LOCAL_LIGHT][VOXEL_PROVIDER_FULL] chunk=UVec3(0, 0, 1) source_revision=Some(2) is_present=true dense_cells=0 emitter_voxels=0 scan_frames=5 worker_or_scan_cpu_ms=1.255 publication_cpu_ms=0.418 provider_changed=false provider_source_revision=0 provider_source_count=0 registry_revision=0 registry_source_revision=1 backlog_full_chunks=0 backlog_full_cells=0 backlog_priority_cells=0 discarded_stagings=0 stale_worker_results=0 worker_not_ready=0
[00:19:43.695 INFO re_flora::app::core::water::terrain] [WATER][TERRAIN] refreshed GPU filled-solid grid chunk UVec3(0, 0, 1) solid_samples 13386/32768 source_dim UVec3(32, 32, 32) atlas_offset=UVec3(0, 0, 256) atlas_dim=UVec3(256, 256, 256) sample_dim=UVec3(32, 32, 32) readback_samples=32768/32768 readback_bytes=131072 gpu_prepare=0.000ms gpu_submit=0.039ms gpu_completion_latency=3.075ms gpu_readback=0.012ms gpu_convert=0.007ms gpu_sample_total=3.146ms convert=0.004ms total=0.036ms
[00:19:43.697 INFO re_flora::app::core::emissive_voxel_lighting] [LOCAL_LIGHT][VOXEL_PROVIDER_SCHEDULE] full_chunks_scheduled=1 full_cells_scheduled=0 worker_submissions=1 worker_coalesced=0 discarded_stagings=0 local_max_cells=16 local_soft_budget_ms=0.250 backlog_full_chunks=1 backlog_full_cells=0 backlog_priority_cells=0 awaiting_dependency_cells=4096
[00:19:43.698 INFO re_flora::app::core::water::terrain] [WATER][TERRAIN] refreshed GPU filled-solid grid chunk UVec3(0, 1, 0) solid_samples 0/32768 source_dim UVec3(32, 32, 32) atlas_offset=UVec3(0, 256, 0) atlas_dim=UVec3(256, 256, 256) sample_dim=UVec3(32, 32, 32) readback_samples=32768/32768 readback_bytes=131072 gpu_prepare=0.000ms gpu_submit=0.047ms gpu_completion_latency=3.062ms gpu_readback=0.012ms gpu_convert=0.006ms gpu_sample_total=3.142ms convert=0.004ms total=0.037ms
[00:19:43.700 INFO re_flora::app::core::emissive_voxel_lighting] [LOCAL_LIGHT][VOXEL_PROVIDER_FULL] chunk=UVec3(1, 0, 0) source_revision=Some(2) is_present=true dense_cells=0 emitter_voxels=0 scan_frames=7 worker_or_scan_cpu_ms=1.306 publication_cpu_ms=0.406 provider_changed=false provider_source_revision=0 provider_source_count=0 registry_revision=0 registry_source_revision=1 backlog_full_chunks=0 backlog_full_cells=0 backlog_priority_cells=0 discarded_stagings=0 stale_worker_results=0 worker_not_ready=0
[00:19:43.702 INFO re_flora::app::core::water::terrain] [WATER][TERRAIN] refreshed GPU filled-solid grid chunk UVec3(1, 0, 0) solid_samples 16605/32768 source_dim UVec3(32, 32, 32) atlas_offset=UVec3(256, 0, 0) atlas_dim=UVec3(256, 256, 256) sample_dim=UVec3(32, 32, 32) readback_samples=32768/32768 readback_bytes=131072 gpu_prepare=0.000ms gpu_submit=0.046ms gpu_completion_latency=3.465ms gpu_readback=0.012ms gpu_convert=0.006ms gpu_sample_total=3.542ms convert=0.004ms total=0.035ms
[00:19:43.702 INFO re_flora::app::core::water::terrain] [WATER][TERRAIN] built collider chunk IVec3(1, 0, 1) rev 1 latest=true dim UVec3(32, 32, 32) bounds Vec3(1.0, 0.0, 1.0)..Vec3(2.0, 1.0, 2.0) sdf -0.576..0.597 sdf_hash 3a1d26b45edf90e0 solid_samples 16766/32768 source gpu-sampled-solid-grid source_chunk UVec3(1, 0, 1) source_dim UVec3(32, 32, 32) source_solid_voxels 16766 center_sdf=Some(-0.032258064) build_ms=7.18 phases solid=0.00 count=0.00 sdf=7.14 stats=0.05 queue_pending=6
[00:19:43.703 INFO re_flora::app::core::emissive_voxel_lighting] [LOCAL_LIGHT][VOXEL_PROVIDER_SCHEDULE] full_chunks_scheduled=1 full_cells_scheduled=0 worker_submissions=1 worker_coalesced=0 discarded_stagings=0 local_max_cells=16 local_soft_budget_ms=0.250 backlog_full_chunks=1 backlog_full_cells=0 backlog_priority_cells=0 awaiting_dependency_cells=0
[00:19:43.705 INFO re_flora::app::core::water::terrain] [WATER][TERRAIN] refreshed GPU filled-solid grid chunk UVec3(1, 1, 0) solid_samples 0/32768 source_dim UVec3(32, 32, 32) atlas_offset=UVec3(256, 256, 0) atlas_dim=UVec3(256, 256, 256) sample_dim=UVec3(32, 32, 32) readback_samples=32768/32768 readback_bytes=131072 gpu_prepare=0.000ms gpu_submit=0.050ms gpu_completion_latency=3.068ms gpu_readback=0.012ms gpu_convert=0.007ms gpu_sample_total=3.152ms convert=0.004ms total=0.038ms
[00:19:43.707 INFO re_flora::app::core::emissive_voxel_lighting] [LOCAL_LIGHT][VOXEL_PROVIDER_FULL] chunk=UVec3(1, 0, 1) source_revision=Some(2) is_present=true dense_cells=0 emitter_voxels=0 scan_frames=9 worker_or_scan_cpu_ms=1.351 publication_cpu_ms=0.412 provider_changed=false provider_source_revision=0 provider_source_count=0 registry_revision=0 registry_source_revision=1 backlog_full_chunks=0 backlog_full_cells=0 backlog_priority_cells=0 discarded_stagings=0 stale_worker_results=0 worker_not_ready=0
[00:19:43.708 INFO re_flora::app::core::water::terrain] [WATER][TERRAIN] refreshed GPU filled-solid grid chunk UVec3(1, 0, 1) solid_samples 16782/32768 source_dim UVec3(32, 32, 32) atlas_offset=UVec3(256, 0, 256) atlas_dim=UVec3(256, 256, 256) sample_dim=UVec3(32, 32, 32) readback_samples=32768/32768 readback_bytes=131072 gpu_prepare=0.000ms gpu_submit=0.044ms gpu_completion_latency=3.329ms gpu_readback=0.012ms gpu_convert=0.006ms gpu_sample_total=3.407ms convert=0.004ms total=0.038ms
[00:19:43.714 INFO re_flora::app::core::water::terrain] [WATER][TERRAIN] built collider chunk IVec3(0, 0, 0) rev 2 latest=true dim UVec3(32, 32, 32) bounds Vec3(0.0, 0.0, 0.0)..Vec3(1.0, 1.0, 1.0) sdf -0.507..0.649 sdf_hash 43e5ecf952c4a954 solid_samples 14168/32768 source gpu-sampled-solid-grid source_chunk UVec3(0, 0, 0) source_dim UVec3(32, 32, 32) source_solid_voxels 14168 center_sdf=Some(0.06451613) build_ms=7.00 phases solid=0.00 count=0.00 sdf=6.96 stats=0.04 queue_pending=5
[00:19:43.725 INFO re_flora::app::core::water::terrain] [WATER][TERRAIN] built collider chunk IVec3(1, 0, 0) rev 2 latest=true dim UVec3(32, 32, 32) bounds Vec3(1.0, 0.0, 0.0)..Vec3(2.0, 1.0, 1.0) sdf -0.557..0.532 sdf_hash 0677d463ae6efebe solid_samples 16605/32768 source gpu-sampled-solid-grid source_chunk UVec3(1, 0, 0) source_dim UVec3(32, 32, 32) source_solid_voxels 16605 center_sdf=Some(-0.029701713) build_ms=6.91 phases solid=0.00 count=0.00 sdf=6.87 stats=0.05 queue_pending=3
[00:19:43.737 INFO re_flora::app::core::water::terrain] [WATER][TERRAIN] built collider chunk IVec3(0, 0, 1) rev 2 latest=true dim UVec3(32, 32, 32) bounds Vec3(0.0, 0.0, 1.0)..Vec3(1.0, 1.0, 2.0) sdf -0.507..0.661 sdf_hash bd453807fdd86f37 solid_samples 13386/32768 source gpu-sampled-solid-grid source_chunk UVec3(0, 0, 1) source_dim UVec3(32, 32, 32) source_solid_voxels 13386 center_sdf=Some(0.09194806) build_ms=6.73 phases solid=0.00 count=0.00 sdf=6.69 stats=0.05 queue_pending=1
[00:19:43.746 INFO re_flora::app::core::water::terrain] [WATER][TERRAIN] built collider chunk IVec3(1, 0, 1) rev 2 latest=true dim UVec3(32, 32, 32) bounds Vec3(1.0, 0.0, 1.0)..Vec3(2.0, 1.0, 2.0) sdf -0.576..0.532 sdf_hash bb72a15b2b4f8617 solid_samples 16782/32768 source gpu-sampled-solid-grid source_chunk UVec3(1, 0, 1) source_dim UVec3(32, 32, 32) source_solid_voxels 16782 center_sdf=Some(-0.032258064) build_ms=6.84 phases solid=0.00 count=0.00 sdf=6.79 stats=0.04 queue_pending=0
[00:19:43.746 INFO re_flora::app::core::water::terrain] [WATER][TERRAIN] initialized startup collider batch
[00:19:43.766 INFO re_flora_water::mls_mpm::terrain] [WATER][TERRAIN_CACHE] rebuilt grid cache chunks=4 grid UVec3(64, 64, 64) nodes=262144 has_sdf=135168 near_surface=72665 normals=72665 band=0.06250 dx=0.03125 total_ms=19.75
[00:19:43.766 INFO re_flora_water::pond] [WATER][TERRAIN_STABILIZE] particles=0 sampled=0 corrected=0 clamped=0 total_correction=0.0000 avg_corrected=0.0000 max_corrected=0.0000 margin=0.00000 max_step=0.06250 min_sdf_before=NaN min_sdf_after=NaN
[00:19:44.178 INFO re_flora::app::core] [AUTO-EXIT] Exiting after 0.50s
[00:19:44.178 INFO re_flora::app::core::lifecycle] [SHUTDOWN] phase=quiesce_producers
[00:19:44.178 INFO re_flora::app::core::lifecycle] [SHUTDOWN] phase=consume_managed_gpu_jobs
[00:19:44.179 INFO re_flora::app::core::water::runtime] [WATER][THREAD] simulation thread stopped
[00:19:44.179 INFO re_flora::app::core::lifecycle] [SHUTDOWN] phase=join_dependent_workers
[00:19:44.179 INFO re_flora::app::core::lifecycle] [SHUTDOWN] phase=shutdown_audio
[00:19:44.179 INFO re_flora::audio::spatial_sound_manager] [AUDIO][ACOUSTICS] enabled=true quality_percent=100 solves=19 superseded=1 published=18 spatial_revision=15 geometry_version=21 solve_us_p50=1024 solve_us_p95=1024 solve_us_p99=1024 solve_us_max=831 response_age_ms=0
[00:19:44.182 INFO re_flora::app::core::lifecycle] [SHUTDOWN] phase=wait_device_idle
[00:19:44.182 INFO re_flora::app::core::lifecycle] [SHUTDOWN] phase=complete failures=0
[00:19:44.206 INFO re_flora_vkn::context::vulkan_context] Destroying Vulkan Context
[00:19:44.246 INFO re_flora] Application exited successfully
[00:19:44.246 INFO re_flora] Run log saved to /home/terence/.herdr/worktrees/re-flora/worktree-rtx-voxel-hardware-rt/target/re-flora-logs/re-flora-20260905-001942.020-234844.log
