[00:12:17.449 INFO re_flora] Writing run log to /home/terence/.herdr/worktrees/re-flora/worktree-rtx-voxel-hardware-rt/target/re-flora-logs/re-flora-20260905-001217.449-233366.log
[00:12:17.449 INFO re_flora] [RUN_LOG] path=/home/terence/.herdr/worktrees/re-flora/worktree-rtx-voxel-hardware-rt/target/re-flora-logs/re-flora-20260905-001217.449-233366.log
[00:12:17.451 INFO re_flora::window::state] Selected borderless fullscreen monitor by Highest score: 'DP-2' 3840x2160 physical pixels (score 8294400)
[00:12:17.451 INFO re_flora::app::core::boot] Running with a hidden native window at 1920x1080 logical pixels; Vulkan surface/swapchain path is unchanged
[00:12:17.476 INFO re_flora::window::state] Wayland does not support hidden windows; requested minimized hidden window
[00:12:17.476 INFO re_flora::app::core::boot] Hidden window render extent is 2400x1350 physical pixels
[00:12:17.573 INFO re_flora_vkn::context::physical_device] +----------------------------------+--------------+-------------+-------------+-----------------------+
|                                  Physical Device Evaluation Report                                  |
+----------------------------------+--------------+-------------+-------------+-----------------------+
| Device                           | Type         | Memory (MB) | Suitability | Reason                |
+=====================================================================================================+
| NVIDIA GeForce RTX 3060 Ti       | DISCRETE_GPU | 8438.00     | Suitable    | All requirements met. |
|----------------------------------+--------------+-------------+-------------+-----------------------|
| llvmpipe (LLVM 21.1.8, 256 bits) | CPU          | 31919.84    | Suitable    | All requirements met. |
+----------------------------------+--------------+-------------+-------------+-----------------------+
[00:12:17.573 INFO re_flora_vkn::context::physical_device] 
--- Suitable Physical Devices ---
[00:12:17.573 INFO re_flora_vkn::context::physical_device] +----------------------------------+--------------+-------------+-------+-----------+
| Device                           | Type         | Memory (MB) | Score | Selected? |
+===================================================================================+
| NVIDIA GeForce RTX 3060 Ti       | DISCRETE_GPU | 8438.00     | 10032 | Yes       |
|----------------------------------+--------------+-------------+-------+-----------|
| llvmpipe (LLVM 21.1.8, 256 bits) | CPU          | 31919.84    | 224   |           |
+----------------------------------+--------------+-------------+-------+-----------+
[00:12:17.573 INFO re_flora_vkn::context::physical_device] 
--- Queue Family Analysis for Selected Device ---
[00:12:17.573 INFO re_flora_vkn::context::physical_device] +--------------------+----------+---------+---------+----------+----------------+
| Queue Family Index | Graphics | Present | Compute | Transfer | Sparse Binding |
+===============================================================================+
| 0                  | Yes      | Yes     | Yes     | Yes      | Yes            |
|--------------------+----------+---------+---------+----------+----------------|
| 1                  |          |         |         | Yes      | Yes            |
|--------------------+----------+---------+---------+----------+----------------|
| 2                  |          |         | Yes     | Yes      | Yes            |
|--------------------+----------+---------+---------+----------+----------------|
| 3                  |          |         |         | Yes      | Yes            |
|--------------------+----------+---------+---------+----------+----------------|
| 4                  |          |         |         | Yes      | Yes            |
|--------------------+----------+---------+---------+----------+----------------|
| 5                  |          |         |         | Yes      | Yes            |
+--------------------+----------+---------+---------+----------+----------------+
[00:12:17.573 INFO re_flora_vkn::context::physical_device] 
--- Selected Queue Family Indices ---
[00:12:17.573 INFO re_flora_vkn::context::physical_device] +--------------------------------------+--------------------+
| Queue Type                           | Queue Family Index |
+===========================================================+
| General (Graphics, Present, Compute) | 0                  |
|--------------------------------------+--------------------|
| Dedicated Transfer (if available)    | 1                  |
+--------------------------------------+--------------------+
[00:12:17.573 INFO re_flora_vkn::context::physical_device] Selected physical device: NVIDIA GeForce RTX 3060 Ti
[00:12:17.899 INFO re_flora_vkn::context::device] [VKN][HARDWARE_RAY_QUERY] enabled extensions=VK_KHR_acceleration_structure,VK_KHR_ray_query,VK_KHR_deferred_host_operations features=accelerationStructure,rayQuery
[00:12:17.900 INFO re_flora::rtx_static_tracer_bullet] [RTX_STATIC_TRACER_BULLET][PROTOTYPE][CAPABILITY] device=NVIDIA GeForce RTX 3060 Ti as_ext=true ray_query_ext=true ray_pipeline_ext=true as_feature=true ray_query_feature=true
[00:12:24.808 INFO re_flora::rtx_static_tracer_bullet] [RTX_STATIC_TRACER_BULLET][PROTOTYPE][RESULT] volume=sparse_5_percent_with_fixture rays=1048576 triangles=155884 aabbs=14681 triangle_blas_gpu_ms=1.106016 aabb_blas_gpu_ms=0.300288 software_ms=68.680144 aabb_ms=162.885344 triangle_ms=116.723904 triangle_speedup=0.5884 aabb_speedup=0.4216
[00:12:34.000 INFO re_flora::rtx_static_tracer_bullet] [RTX_STATIC_TRACER_BULLET][PROTOTYPE][RESULT] volume=dense_75_percent_with_fixture rays=1048576 triangles=610528 aabbs=163101 triangle_blas_gpu_ms=3.058624 aabb_blas_gpu_ms=0.838944 software_ms=212.499520 aabb_ms=170.288320 triangle_ms=173.777392 triangle_speedup=1.2228 aabb_speedup=1.2479
[00:12:42.957 INFO re_flora::rtx_static_tracer_bullet] [RTX_STATIC_TRACER_BULLET][PROTOTYPE][RESULT] volume=shell_cavity rays=1048576 triangles=6944 aabbs=1604 triangle_blas_gpu_ms=0.306880 aabb_blas_gpu_ms=0.359456 software_ms=90.139232 aabb_ms=208.201216 triangle_ms=213.722336 triangle_speedup=0.4218 aabb_speedup=0.4329
[00:12:42.958 INFO re_flora::rtx_static_tracer_bullet] [RTX_STATIC_TRACER_BULLET][PROTOTYPE][COMPLETE] artifact=docs/evidence/rtx_static_tracer_bullet/raw/static_b2.toml volumes=3 rays_per_sample=1048576 resources=dropped-before-production
[00:12:42.960 INFO re_flora_vkn::swapchain] +----------------+----------------+
| Desired        | Using          |
+=================================+
| B8G8R8A8_SRGB  | B8G8R8A8_SRGB  |
|----------------+----------------|
| SRGB_NONLINEAR | SRGB_NONLINEAR |
+----------------+----------------+
[00:12:42.960 INFO re_flora_vkn::swapchain] Available present modes: [MAILBOX, FIFO]
[00:12:42.960 INFO re_flora_vkn::swapchain] Preferred swapchain present mode: AUTO (MAILBOX -> FIFO -> first supported)
[00:12:42.960 INFO re_flora_vkn::swapchain] Chosen swapchain present mode: MAILBOX
[00:12:42.960 INFO re_flora_vkn::swapchain] Swapchain image count: min=2, max=8, using=2 (override=None)
[00:12:43.036 INFO re_flora::app::core] Contree pool sizes: node=27.43 MiB leaf=90.00 MiB chunk_dim=UVec3(2, 2, 2) per_chunk_node=3195660 bytes per_chunk_leaf=10 MiB
[00:12:43.066 INFO petalsonic::spatial::processor] PetalSonic spatial processor: hrtf_backend=Native, acoustics_backend=NativeAsync, use_ambisonics=false, ambisonics_backend=Native, environmental_acoustics_enabled=true
[00:12:43.077 INFO petalsonic::output_session] PetalSonic master headroom: -6 dB (linear gain 0.501)
[00:12:43.153 INFO re_flora::tracer::resources] [SHADOW] using VSM shadow map 1024x1024
[00:12:43.153 INFO re_flora::tracer::resources] [CLOUD_SHADOW] using Beer transmittance map 256x256 with temporal resolve
[00:12:43.153 INFO re_flora::tracer::resources] [LEAF_SHADOW] using 2D opacity map 2048x2048, temporal history, and influence mask 256x256
[00:12:43.172 WARN re_flora::tracer::resources] Found multiple butterfly atlases in '/home/terence/.herdr/worktrees/re-flora/worktree-rtx-voxel-hardware-rt//assets/texture/butterfly_16px', using '/home/terence/.herdr/worktrees/re-flora/worktree-rtx-voxel-hardware-rt//assets/texture/butterfly_16px/butterfly.png'
[00:12:43.275 INFO re_flora::tracer::extent_dependent_resources] [GLASS][RESOURCES] enabled=false extent=2x2 bytes=184 mib=0.00 image_bytes=128 cache_entries=1 cache_bytes=56 feature_off_placeholder=true
[00:12:43.275 INFO re_flora::ddgi::resources] [DDGI] allocated stage=allocated spacing_voxels=32 grid=17x17x17 probes=4913 irradiance=710x700 RGBA32F visibility=1278x1260 RG32F ray_budget_per_frame=32768 ray_batch=512x64 metadata_bytes=235824 irradiance_bytes=7952000 transport_source_irradiance_bytes=7952000 visibility_bytes=12882240 transport_source_visibility_bytes=12882240 ray_bytes=524288 trace_stats_bytes=124 relocation_stats_bytes=56 atlas_reduction_bytes=28 global_sky_bytes=3200 snapshot_uniform_bytes=128 transport_query_bytes=64 local_light_bytes=688 total_mib=40.47
[00:12:43.275 INFO re_flora::tracer] [DDGI][HARD_ORIGIN] terrain_mode=surface-fixed
[00:12:43.275 INFO re_flora::tracer] [DDGI][VISIBILITY] runtime_consumers=moment transport_and_reference=moment+exact
[00:12:43.275 INFO re_flora::ddgi::voxel_visibility] [DDGI][VOXEL_VISIBILITY] allocated voxels=512x512x512 packed=16x512x512 blocks=64x64x64 bytes=17039360 mib=16.25 max_steps=1539 glass_experiment_enabled=false glass_material_revision=0
[00:12:43.296 INFO re_flora::tracer] [ENV_LIGHTING] backend=ddgi ready=false state=initializing
[00:12:43.296 INFO re_flora::app::core] [CAMERA_SNAPSHOT] Loaded 4 snapshots from config/camera_snapshots.toml
[00:12:43.297 INFO re_flora::app::gui_config_loader] Loaded GUI config: /home/terence/.herdr/worktrees/re-flora/worktree-rtx-voxel-hardware-rt/config/gui.toml (schema v1, 21 sections, 237 params)
[00:12:43.387 INFO re_flora::app::core::water::coordinator] [WATER] config profile=None experience=false gui_config_applied=true particles=0 grid=UVec3(64, 64, 64) substep_dt=0.004167s terrain_margin_cells=0.00 boundary_density_min_fluid_fraction=0.50 boundary_density_max_correction=2.00 boundary_density_transition_cells=1.00 damping=0.25/s quiet_settling=3.80/50.00/s terrain_tangent_damping=4.00/s debug_spawn_height_offset=0.45 gravity=Vec3(0.0, -9.8, 0.0) stiffness=16.0 gamma=4.00 j_min=0.050 viscosity=0.030 pressure_floor=-0.100 wall_damping=0.00 collider_bounds Vec3(0.0, 0.0, 0.0)..Vec3(2.0, 2.0, 2.0) initial_fluid=None cells_per_unit=32
[00:12:43.387 INFO re_flora::app::core] --mute: forcing master audio output volume to 0 while keeping audio engine processing active
[00:12:43.387 INFO re_flora::app::core] Loaded custom GUI font from assets/font/PixelifySans-VariableFont_wght.ttf
[00:12:43.388 INFO re_flora::app::core::camera_snapshot_ui] [CAMERA_SNAPSHOT] Using default player camera; no snapshot requested
[00:12:43.391 INFO re_flora_water::pond] [WATER][INIT] seeded 0 initial particles bounds Vec3(0.0, 0.0, 0.0)..Vec3(2.0, 2.0, 2.0) initial_fluid=None grid UVec3(64, 64, 64) dx 0.03125 particle_volume 0.000043 rest_density 4.0
[00:12:43.403 INFO re_flora_vkn::swapchain] +----------------+----------------+
| Desired        | Using          |
+=================================+
| B8G8R8A8_SRGB  | B8G8R8A8_SRGB  |
|----------------+----------------|
| SRGB_NONLINEAR | SRGB_NONLINEAR |
+----------------+----------------+
[00:12:43.403 INFO re_flora_vkn::swapchain] Available present modes: [MAILBOX, FIFO]
[00:12:43.403 INFO re_flora_vkn::swapchain] Preferred swapchain present mode: AUTO (MAILBOX -> FIFO -> first supported)
[00:12:43.403 INFO re_flora_vkn::swapchain] Chosen swapchain present mode: MAILBOX
[00:12:43.403 INFO re_flora_vkn::swapchain] Swapchain image count: min=2, max=8, using=2 (override=None)
[00:12:43.415 INFO re_flora::tracer::extent_dependent_resources] [GLASS][RESOURCES] enabled=false extent=2x2 bytes=184 mib=0.00 image_bytes=128 cache_entries=1 cache_bytes=56 feature_off_placeholder=true
[00:12:43.416 INFO re_flora::app::core::lifecycle] [RESIZE] published generation=2 extent=2400x1350 tracer_generation=2
[00:12:43.430 INFO re_flora_vkn::swapchain] +----------------+----------------+
| Desired        | Using          |
+=================================+
| B8G8R8A8_SRGB  | B8G8R8A8_SRGB  |
|----------------+----------------|
| SRGB_NONLINEAR | SRGB_NONLINEAR |
+----------------+----------------+
[00:12:43.430 INFO re_flora_vkn::swapchain] Available present modes: [MAILBOX, FIFO]
[00:12:43.430 INFO re_flora_vkn::swapchain] Preferred swapchain present mode: AUTO (MAILBOX -> FIFO -> first supported)
[00:12:43.430 INFO re_flora_vkn::swapchain] Chosen swapchain present mode: MAILBOX
[00:12:43.430 INFO re_flora_vkn::swapchain] Swapchain image count: min=2, max=8, using=2 (override=None)
[00:12:43.440 INFO re_flora::tracer::extent_dependent_resources] [GLASS][RESOURCES] enabled=false extent=2x2 bytes=184 mib=0.00 image_bytes=128 cache_entries=1 cache_bytes=56 feature_off_placeholder=true
[00:12:43.441 INFO re_flora::app::core::lifecycle] [RESIZE] published generation=3 extent=2880x1620 tracer_generation=3
[00:12:43.465 INFO re_flora::app::core::emissive_voxel_lighting] [LOCAL_LIGHT][VOXEL_PROVIDER_FULL] chunk=UVec3(0, 1, 0) source_revision=Some(1) is_present=false dense_cells=0 emitter_voxels=0 scan_frames=0 worker_or_scan_cpu_ms=0.000 publication_cpu_ms=0.000 provider_changed=false provider_source_revision=0 provider_source_count=0 registry_revision=0 registry_source_revision=1 backlog_full_chunks=0 backlog_full_cells=0 backlog_priority_cells=0 discarded_stagings=0 stale_worker_results=0 worker_not_ready=0
[00:12:43.467 INFO re_flora::app::core::emissive_voxel_lighting] [LOCAL_LIGHT][VOXEL_PROVIDER_SCHEDULE] full_chunks_scheduled=1 full_cells_scheduled=0 worker_submissions=1 worker_coalesced=0 discarded_stagings=0 local_max_cells=16 local_soft_budget_ms=0.250 backlog_full_chunks=1 backlog_full_cells=0 backlog_priority_cells=0 awaiting_dependency_cells=0
[00:12:43.467 INFO re_flora::app::core::emissive_voxel_lighting] [LOCAL_LIGHT][VOXEL_PROVIDER_FULL] chunk=UVec3(0, 1, 1) source_revision=Some(1) is_present=false dense_cells=0 emitter_voxels=0 scan_frames=0 worker_or_scan_cpu_ms=0.000 publication_cpu_ms=0.000 provider_changed=false provider_source_revision=0 provider_source_count=0 registry_revision=0 registry_source_revision=1 backlog_full_chunks=1 backlog_full_cells=0 backlog_priority_cells=0 discarded_stagings=0 stale_worker_results=0 worker_not_ready=0
[00:12:43.469 INFO re_flora::app::core::emissive_voxel_lighting] [LOCAL_LIGHT][VOXEL_PROVIDER_FULL] chunk=UVec3(0, 0, 0) source_revision=Some(1) is_present=true dense_cells=0 emitter_voxels=0 scan_frames=1 worker_or_scan_cpu_ms=1.273 publication_cpu_ms=0.423 provider_changed=false provider_source_revision=0 provider_source_count=0 registry_revision=0 registry_source_revision=1 backlog_full_chunks=0 backlog_full_cells=0 backlog_priority_cells=0 discarded_stagings=0 stale_worker_results=0 worker_not_ready=0
[00:12:43.471 INFO re_flora::app::core::emissive_voxel_lighting] [LOCAL_LIGHT][VOXEL_PROVIDER_SCHEDULE] full_chunks_scheduled=1 full_cells_scheduled=0 worker_submissions=1 worker_coalesced=0 discarded_stagings=0 local_max_cells=16 local_soft_budget_ms=0.250 backlog_full_chunks=1 backlog_full_cells=0 backlog_priority_cells=0 awaiting_dependency_cells=0
[00:12:43.473 INFO re_flora::app::core::emissive_voxel_lighting] [LOCAL_LIGHT][VOXEL_PROVIDER_FULL] chunk=UVec3(1, 1, 0) source_revision=Some(1) is_present=false dense_cells=0 emitter_voxels=0 scan_frames=0 worker_or_scan_cpu_ms=0.000 publication_cpu_ms=0.000 provider_changed=false provider_source_revision=0 provider_source_count=0 registry_revision=0 registry_source_revision=1 backlog_full_chunks=0 backlog_full_cells=0 backlog_priority_cells=0 discarded_stagings=0 stale_worker_results=0 worker_not_ready=0
[00:12:43.473 INFO re_flora::app::core::emissive_voxel_lighting] [LOCAL_LIGHT][VOXEL_PROVIDER_FULL] chunk=UVec3(0, 0, 1) source_revision=Some(1) is_present=true dense_cells=0 emitter_voxels=0 scan_frames=1 worker_or_scan_cpu_ms=1.229 publication_cpu_ms=0.401 provider_changed=false provider_source_revision=0 provider_source_count=0 registry_revision=0 registry_source_revision=1 backlog_full_chunks=0 backlog_full_cells=0 backlog_priority_cells=0 discarded_stagings=0 stale_worker_results=0 worker_not_ready=0
[00:12:43.475 INFO re_flora::app::core::emissive_voxel_lighting] [LOCAL_LIGHT][VOXEL_PROVIDER_SCHEDULE] full_chunks_scheduled=1 full_cells_scheduled=0 worker_submissions=1 worker_coalesced=0 discarded_stagings=0 local_max_cells=16 local_soft_budget_ms=0.250 backlog_full_chunks=1 backlog_full_cells=0 backlog_priority_cells=0 awaiting_dependency_cells=0
[00:12:43.475 INFO re_flora::app::core::emissive_voxel_lighting] [LOCAL_LIGHT][VOXEL_PROVIDER_FULL] chunk=UVec3(1, 1, 1) source_revision=Some(1) is_present=false dense_cells=0 emitter_voxels=0 scan_frames=0 worker_or_scan_cpu_ms=0.000 publication_cpu_ms=0.000 provider_changed=false provider_source_revision=0 provider_source_count=0 registry_revision=0 registry_source_revision=1 backlog_full_chunks=1 backlog_full_cells=0 backlog_priority_cells=0 discarded_stagings=0 stale_worker_results=0 worker_not_ready=0
[00:12:43.505 INFO re_flora::app::core::emissive_voxel_lighting] [LOCAL_LIGHT][VOXEL_PROVIDER_FULL] chunk=UVec3(1, 0, 0) source_revision=Some(1) is_present=true dense_cells=0 emitter_voxels=0 scan_frames=1 worker_or_scan_cpu_ms=1.305 publication_cpu_ms=0.439 provider_changed=false provider_source_revision=0 provider_source_count=0 registry_revision=0 registry_source_revision=1 backlog_full_chunks=0 backlog_full_cells=0 backlog_priority_cells=0 discarded_stagings=0 stale_worker_results=0 worker_not_ready=0
[00:12:43.531 INFO re_flora::app::core::emissive_voxel_lighting] [LOCAL_LIGHT][VOXEL_PROVIDER_SCHEDULE] full_chunks_scheduled=1 full_cells_scheduled=0 worker_submissions=1 worker_coalesced=0 discarded_stagings=0 local_max_cells=16 local_soft_budget_ms=0.250 backlog_full_chunks=1 backlog_full_cells=0 backlog_priority_cells=0 awaiting_dependency_cells=0
[00:12:43.558 INFO re_flora::app::core::emissive_voxel_lighting] [LOCAL_LIGHT][VOXEL_PROVIDER_FULL] chunk=UVec3(1, 0, 1) source_revision=Some(1) is_present=true dense_cells=0 emitter_voxels=0 scan_frames=1 worker_or_scan_cpu_ms=1.319 publication_cpu_ms=0.436 provider_changed=false provider_source_revision=0 provider_source_count=0 registry_revision=0 registry_source_revision=1 backlog_full_chunks=0 backlog_full_cells=0 backlog_priority_cells=0 discarded_stagings=0 stale_worker_results=0 worker_not_ready=0
[00:12:43.661 INFO re_flora::app::core::water::terrain] [WATER][TERRAIN] refreshed GPU filled-solid grid chunk UVec3(0, 0, 1) solid_samples 13378/32768 source_dim UVec3(32, 32, 32) atlas_offset=UVec3(0, 0, 256) atlas_dim=UVec3(256, 256, 256) sample_dim=UVec3(32, 32, 32) readback_samples=32768/32768 readback_bytes=131072 gpu_prepare=0.001ms gpu_submit=0.058ms gpu_completion_latency=25.529ms gpu_readback=0.017ms gpu_convert=0.007ms gpu_sample_total=25.639ms convert=0.004ms total=0.050ms
[00:12:43.688 INFO re_flora::app::core::water::terrain] [WATER][TERRAIN] refreshed GPU filled-solid grid chunk UVec3(0, 1, 1) solid_samples 0/32768 source_dim UVec3(32, 32, 32) atlas_offset=UVec3(0, 256, 256) atlas_dim=UVec3(256, 256, 256) sample_dim=UVec3(32, 32, 32) readback_samples=32768/32768 readback_bytes=131072 gpu_prepare=0.001ms gpu_submit=0.066ms gpu_completion_latency=25.904ms gpu_readback=0.017ms gpu_convert=0.007ms gpu_sample_total=26.021ms convert=0.004ms total=0.051ms
[00:12:43.713 INFO re_flora::app::core::water::terrain] [WATER][TERRAIN] refreshed GPU filled-solid grid chunk UVec3(1, 0, 1) solid_samples 16766/32768 source_dim UVec3(32, 32, 32) atlas_offset=UVec3(256, 0, 256) atlas_dim=UVec3(256, 256, 256) sample_dim=UVec3(32, 32, 32) readback_samples=32768/32768 readback_bytes=131072 gpu_prepare=0.000ms gpu_submit=0.060ms gpu_completion_latency=25.681ms gpu_readback=0.016ms gpu_convert=0.007ms gpu_sample_total=25.789ms convert=0.004ms total=0.049ms
[00:12:43.740 INFO re_flora::app::core::water::terrain] [WATER][TERRAIN] refreshed GPU filled-solid grid chunk UVec3(1, 1, 1) solid_samples 0/32768 source_dim UVec3(32, 32, 32) atlas_offset=UVec3(256, 256, 256) atlas_dim=UVec3(256, 256, 256) sample_dim=UVec3(32, 32, 32) readback_samples=32768/32768 readback_bytes=131072 gpu_prepare=0.001ms gpu_submit=0.059ms gpu_completion_latency=26.509ms gpu_readback=0.016ms gpu_convert=0.008ms gpu_sample_total=26.609ms convert=0.004ms total=0.043ms
[00:12:43.766 INFO re_flora::app::core::water::terrain] [WATER][TERRAIN] refreshed GPU filled-solid grid chunk UVec3(0, 0, 0) solid_samples 14161/32768 source_dim UVec3(32, 32, 32) atlas_offset=UVec3(0, 0, 0) atlas_dim=UVec3(256, 256, 256) sample_dim=UVec3(32, 32, 32) readback_samples=32768/32768 readback_bytes=131072 gpu_prepare=0.001ms gpu_submit=0.050ms gpu_completion_latency=26.044ms gpu_readback=0.016ms gpu_convert=0.008ms gpu_sample_total=26.134ms convert=0.004ms total=0.045ms
[00:12:43.792 INFO re_flora::app::core::water::terrain] [WATER][TERRAIN] refreshed GPU filled-solid grid chunk UVec3(0, 1, 0) solid_samples 0/32768 source_dim UVec3(32, 32, 32) atlas_offset=UVec3(0, 256, 0) atlas_dim=UVec3(256, 256, 256) sample_dim=UVec3(32, 32, 32) readback_samples=32768/32768 readback_bytes=131072 gpu_prepare=0.000ms gpu_submit=0.057ms gpu_completion_latency=25.590ms gpu_readback=0.015ms gpu_convert=0.007ms gpu_sample_total=25.692ms convert=0.004ms total=0.048ms
[00:12:43.818 INFO re_flora::app::core::water::terrain] [WATER][TERRAIN] refreshed GPU filled-solid grid chunk UVec3(1, 0, 0) solid_samples 16590/32768 source_dim UVec3(32, 32, 32) atlas_offset=UVec3(256, 0, 0) atlas_dim=UVec3(256, 256, 256) sample_dim=UVec3(32, 32, 32) readback_samples=32768/32768 readback_bytes=131072 gpu_prepare=0.001ms gpu_submit=0.058ms gpu_completion_latency=26.156ms gpu_readback=0.021ms gpu_convert=0.012ms gpu_sample_total=26.269ms convert=0.005ms total=0.058ms
[00:12:43.844 INFO re_flora::app::core::water::terrain] [WATER][TERRAIN] refreshed GPU filled-solid grid chunk UVec3(1, 1, 0) solid_samples 0/32768 source_dim UVec3(32, 32, 32) atlas_offset=UVec3(256, 256, 0) atlas_dim=UVec3(256, 256, 256) sample_dim=UVec3(32, 32, 32) readback_samples=32768/32768 readback_bytes=131072 gpu_prepare=0.001ms gpu_submit=0.065ms gpu_completion_latency=25.576ms gpu_readback=0.019ms gpu_convert=0.009ms gpu_sample_total=25.694ms convert=0.004ms total=0.055ms
[00:12:44.435 INFO re_flora::app::core::physics] [COLLISION][WORLD] imported logical_bricks=4096 non_empty_colliders=727 elapsed_ms=960.768 avg_ms_per_brick=0.235
[00:12:44.436 INFO re_flora::particles::emitters] Butterfly worm noise frequency: 0.15
[00:12:44.436 INFO re_flora::particles::emitters] Butterfly worm noise detail frequency: 1
[00:12:44.440 INFO re_flora::app::core::vegetation] [TREE_DEBUG] compile trunks=1941 leaf_anchors=29 leaf_instances=15196 canopy_generation=1 canopy_samples=8 canopy_weight=1.000 canopy_min_clearance_voxels=10.145 size=20.000 trunk_thickness=0.400 min_trunk_thickness=1.050 thickness_reduction=0.610 iterations=7 radius_min=1.050 radius_max=8.000 length_min=0.953 length_max=6.702 short_segments=0 radius_delta_gt_length=0 bound_min=Vec3(224.02296, 96.99997, 194.76778) bound_max=Vec3(301.14136, 210.65727, 319.86328)
[00:12:44.441 INFO re_flora::builder::plain] [TREE_DEBUG] round_cone_dispatch cones=1941 offset=UVec3(224, 96, 194) dim=UVec3(78, 115, 126) voxels=1130220
[00:12:44.453 INFO re_flora::tracer] [DDGI][VOXEL_VISIBILITY] published geometry_revision=1 packed_offset=[0, 0, 0] packed=16x512x512 block_offset=[0, 0, 0] blocks=64x64x64 elapsed_ms=2.371
[00:12:44.453 INFO re_flora::tracer] [DDGI] runtime observed visible terrain revision=1 newly_observed=true edit_voxel_bound=UVec3(0, 0, 0)..UVec3(512, 256, 512) combined_edit_voxel_bound=Some((UVec3(0, 0, 0), UVec3(512, 256, 512))) invalidation_voxel_bound=Some((UVec3(0, 0, 0), UVec3(512, 288, 512))) coordinator=AwaitingTerrain { latest_terrain_revision: 1 }
[00:12:44.453 INFO re_flora::app::core::visible_terrain] [PERF][VISIBLE_TERRAIN_PUBLICATION] chunks=4 terrain_changed=true revision=Some(1) elapsed_ms=9.07
[00:12:44.455 INFO re_flora::tracer] [LEAF_SHADOW_PROXY] tree=0 sources=14572 proxies=8712 ratio=0.598 coarse_proxies=1305 refined_proxies=7407 coarse_cell_voxels=4 fine_cell_voxels=2 optical_area_preserved=true
[00:12:44.456 INFO re_flora::app::core::physics] [COLLISION][FRUIT] dropped tree=0 fruit=58004118259723603 body=1 cycle=1.000 position_voxels=UVec3(286, 170, 302)
[00:12:44.456 INFO re_flora::app::core::physics] [COLLISION][FRUIT] dropped tree=0 fruit=523506309883301452 body=2 cycle=1.000 position_voxels=UVec3(276, 180, 212)
[00:12:44.456 INFO re_flora::app::core::physics] [COLLISION][FRUIT] dropped tree=0 fruit=2377769373905047949 body=3 cycle=1.000 position_voxels=UVec3(284, 192, 240)
[00:12:44.456 INFO re_flora::app::core::physics] [COLLISION][FRUIT] dropped tree=0 fruit=2654719703777634011 body=4 cycle=1.000 position_voxels=UVec3(277, 169, 313)
[00:12:44.456 INFO re_flora::app::core::physics] [COLLISION][FRUIT] dropped tree=0 fruit=4355240104586327797 body=5 cycle=1.000 position_voxels=UVec3(267, 190, 241)
[00:12:44.456 INFO re_flora::app::core::physics] [COLLISION][FRUIT] dropped tree=0 fruit=4750223571212821674 body=6 cycle=1.000 position_voxels=UVec3(246, 189, 215)
[00:12:44.456 INFO re_flora::app::core::physics] [COLLISION][FRUIT] dropped tree=0 fruit=7818203744804085419 body=7 cycle=1.000 position_voxels=UVec3(266, 179, 205)
[00:12:44.456 INFO re_flora::app::core::physics] [COLLISION][FRUIT] dropped tree=0 fruit=8021164957917697814 body=8 cycle=1.000 position_voxels=UVec3(265, 180, 207)
[00:12:44.456 INFO re_flora::app::core::physics] [COLLISION][FRUIT] dropped tree=0 fruit=9321616977115315077 body=9 cycle=1.000 position_voxels=UVec3(248, 195, 267)
[00:12:44.456 INFO re_flora::app::core::physics] [COLLISION][FRUIT] dropped tree=0 fruit=13003871329179277617 body=10 cycle=1.000 position_voxels=UVec3(300, 184, 274)
[00:12:44.456 INFO re_flora::app::core::physics] [COLLISION][FRUIT] dropped tree=0 fruit=13717150505290715541 body=11 cycle=1.000 position_voxels=UVec3(265, 191, 288)
[00:12:44.456 INFO re_flora::app::core::physics] [COLLISION][FRUIT] dropped tree=0 fruit=14004706156141849743 body=12 cycle=1.000 position_voxels=UVec3(245, 189, 288)
[00:12:44.456 INFO re_flora::app::core::physics] [COLLISION][FRUIT] dropped tree=0 fruit=14964911057259600178 body=13 cycle=1.000 position_voxels=UVec3(286, 187, 276)
[00:12:44.456 INFO re_flora::app::core::physics] [COLLISION][FRUIT] dropped tree=0 fruit=15020064011451734498 body=14 cycle=1.000 position_voxels=UVec3(260, 188, 307)
[00:12:44.456 INFO re_flora::app::core::physics] [COLLISION][FRUIT] dropped tree=0 fruit=15834789555933825907 body=15 cycle=1.000 position_voxels=UVec3(258, 181, 300)
[00:12:44.456 INFO re_flora::app::core::physics] [COLLISION][FRUIT] dropped tree=0 fruit=18255731634463154271 body=16 cycle=1.000 position_voxels=UVec3(258, 176, 197)
[00:12:44.456 INFO re_flora::app::core::physics] [COLLISION][FRUIT] dropped tree=0 fruit=18426365956184074764 body=17 cycle=1.000 position_voxels=UVec3(255, 168, 315)
[00:12:44.456 INFO re_flora::app::core::vegetation] [PERF][TREE_GUI] add_total 20.65ms compile 4.75ms trunk_voxel 2.85ms leaves 3.12ms fruit 0.71ms shadow 0.00ms visible_terrain 9.09ms cluster 0.01ms audio 0.01ms leaf_emitter 0.00ms canonical_record 0.00ms trunks 1941 leaf_anchors 29 leaf_instances 14572 apples 17 leaf_clusters 7 canopy_generation 1 canopy_audio_sources 1 rebuild_chunks 4 bound UAabb3 { min: UVec3(224, 96, 194), max: UVec3(302, 211, 320) }
[00:12:44.456 INFO re_flora::app::core::vegetation] [PERF][TREE_GUI] replace_total 20.65ms publication 3.84ms
[00:12:44.456 INFO re_flora::app::core::vegetation] Planted startup tuning tree at Vec3(1.0, 0.41015613, 1.0)
[00:12:44.456 INFO re_flora::app::core::water::terrain] [WATER][TERRAIN] enqueued startup collider rebuilds for 8 water-domain chunks, skipped 0 out-of-domain chunks
[00:12:44.456 INFO re_flora::tracer] [DDGI][VOXEL_VISIBILITY] reused geometry_revision=1
[00:12:44.456 INFO re_flora::tracer] [DDGI] runtime observed visible terrain revision=1 newly_observed=false edit_voxel_bound=UVec3(0, 0, 0)..UVec3(512, 512, 512) combined_edit_voxel_bound=Some((UVec3(0, 0, 0), UVec3(512, 256, 512))) invalidation_voxel_bound=Some((UVec3(0, 0, 0), UVec3(512, 288, 512))) coordinator=AwaitingTerrain { latest_terrain_revision: 1 }
[00:12:44.456 INFO re_flora::app::core::visible_terrain] [PERF][VISIBLE_TERRAIN_PUBLICATION] chunks=8 terrain_changed=false revision=None elapsed_ms=1069.81
[00:12:44.461 INFO re_flora::tracer] [DDGI] initialization requested terrain_revision=1 spacing_voxels=32 probes=4913 stage=RelocationPending convergence_max_absolute_rgb_delta=0.0025 convergence_max_relative_rgb_delta=0.02 convergence_relative_floor=0.05 convergence_consecutive_epochs=2 convergence_minimum_update_epochs=8 convergence_maximum_update_epochs=128
[00:12:44.461 INFO re_flora::app::core::particles] [BUTTERFLY][SPAWN_SOURCES] ground_flora=0 tree_leaves=14572 total=14572 rate_per_source_per_second=0.000020
[00:12:44.462 INFO re_flora::tracer::local_light_live_publication] [LOCAL_LIGHT][LIVE] source_revision=1 registry_revision=0 live_gpu_revision=0 count=0 capacity=8 overflow_count=0 selection_changed=false direct_upload=true
[00:12:44.462 INFO re_flora::tracer] [DDGI][LIGHTING] transport_published=true live_revision=1 transport_revision=1 source_live_revision=1 revision_lag=0 coalesced_live_revisions=0 published_at_ms=1074 transport_age_ms=0 change_reason=Initial sun_angle_degrees=0.0000 sun_color_relative=0.00000 sun_luminance_relative=0.00000 non_solar_changed=false local_lights_changed=false local_light_source_revision=1 local_light_count=0 sun_direction=Vec3(0.8163623, 0.5273512, 0.23548566) sun_color=Vec3(1.0, 0.94509804, 0.8784314) sun_luminance=2.0000
[00:12:44.462 INFO re_flora::tracer] [DDGI] global sky ready revision=1 interior=8x8 stored=10x10 samples_per_texel=2048 stage=Rebuilding
[00:12:44.462 INFO re_flora::tracer] [DDGI] relocation complete terrain_revision=1 probes=4913 spacing_voxels=32 max_displacement_voxels=16 min_clearance_voxels=1 preferred_clearance_voxels=8 local_search_radius_voxels=8 stage=Rebuilding
[00:12:44.463 INFO re_flora::tracer::flora_lighting_cache] [DDGI][FLORA_CACHE] allocated frame_slot=0 entries=16384 bytes=262144 mib=0.25
[00:12:44.464 INFO re_flora::audio::spatial_sound_manager] PetalSonic runtime: state=Running, device=Some("default"), generation=1, sample_rate=44100, channels=2
[00:12:44.464 INFO re_flora::app::core::emissive_voxel_lighting] [LOCAL_LIGHT][VOXEL_PROVIDER_SCHEDULE] full_chunks_scheduled=1 full_cells_scheduled=0 worker_submissions=1 worker_coalesced=0 discarded_stagings=0 local_max_cells=16 local_soft_budget_ms=0.250 backlog_full_chunks=1 backlog_full_cells=0 backlog_priority_cells=0 awaiting_dependency_cells=12288
[00:12:44.464 INFO re_flora::app::core::water::terrain] [WATER][TERRAIN] refreshed GPU filled-solid grid chunk UVec3(0, 1, 1) solid_samples 0/32768 source_dim UVec3(32, 32, 32) atlas_offset=UVec3(0, 256, 256) atlas_dim=UVec3(256, 256, 256) sample_dim=UVec3(32, 32, 32) readback_samples=32768/32768 readback_bytes=131072 gpu_prepare=0.001ms gpu_submit=0.056ms gpu_completion_latency=2.751ms gpu_readback=0.017ms gpu_convert=0.008ms gpu_sample_total=2.854ms convert=0.004ms total=0.051ms
[00:12:44.471 INFO re_flora::tracer] [DDGI] relocation stats probes=4913 valid=3832 failed=1081 fast_target=2569 local_target=482 outer_target=719 outer_best_effort=15 full_escape=47 moved=1263 clearance_below_half_target=20 clearance_half_to_target=42 clearance_target=3770 clearance_sum=30435 distance_squared_twice_sum=473112
[00:12:44.472 INFO re_flora::app::core::emissive_voxel_lighting] [LOCAL_LIGHT][VOXEL_PROVIDER_FULL] chunk=UVec3(0, 0, 0) source_revision=Some(2) is_present=true dense_cells=0 emitter_voxels=0 scan_frames=3 worker_or_scan_cpu_ms=1.283 publication_cpu_ms=0.411 provider_changed=false provider_source_revision=0 provider_source_count=0 registry_revision=0 registry_source_revision=1 backlog_full_chunks=0 backlog_full_cells=0 backlog_priority_cells=0 discarded_stagings=0 stale_worker_results=0 worker_not_ready=0
[00:12:44.473 INFO re_flora::app::core::water::terrain] [WATER][TERRAIN] refreshed GPU filled-solid grid chunk UVec3(1, 1, 1) solid_samples 0/32768 source_dim UVec3(32, 32, 32) atlas_offset=UVec3(256, 256, 256) atlas_dim=UVec3(256, 256, 256) sample_dim=UVec3(32, 32, 32) readback_samples=32768/32768 readback_bytes=131072 gpu_prepare=0.001ms gpu_submit=0.060ms gpu_completion_latency=9.078ms gpu_readback=0.014ms gpu_convert=0.012ms gpu_sample_total=9.186ms convert=0.004ms total=0.051ms
[00:12:44.483 INFO re_flora::app::core::emissive_voxel_lighting] [LOCAL_LIGHT][VOXEL_PROVIDER_SCHEDULE] full_chunks_scheduled=1 full_cells_scheduled=0 worker_submissions=1 worker_coalesced=0 discarded_stagings=0 local_max_cells=16 local_soft_budget_ms=0.250 backlog_full_chunks=1 backlog_full_cells=0 backlog_priority_cells=0 awaiting_dependency_cells=8192
[00:12:44.485 INFO re_flora::app::core::water::terrain] [WATER][TERRAIN] refreshed GPU filled-solid grid chunk UVec3(0, 0, 0) solid_samples 14168/32768 source_dim UVec3(32, 32, 32) atlas_offset=UVec3(0, 0, 0) atlas_dim=UVec3(256, 256, 256) sample_dim=UVec3(32, 32, 32) readback_samples=32768/32768 readback_bytes=131072 gpu_prepare=0.001ms gpu_submit=0.085ms gpu_completion_latency=11.385ms gpu_readback=0.018ms gpu_convert=0.008ms gpu_sample_total=11.526ms convert=0.004ms total=0.055ms
[00:12:44.485 INFO re_flora::app::core::water::terrain] [WATER][TERRAIN] built collider chunk IVec3(0, 0, 1) rev 1 latest=true dim UVec3(32, 32, 32) bounds Vec3(0.0, 0.0, 1.0)..Vec3(1.0, 1.0, 2.0) sdf -0.507..0.661 sdf_hash 1e480143ab0c058f solid_samples 13378/32768 source gpu-sampled-solid-grid source_chunk UVec3(0, 0, 1) source_dim UVec3(32, 32, 32) source_solid_voxels 13378 center_sdf=Some(0.09194806) build_ms=12.15 phases solid=0.00 count=0.00 sdf=12.07 stats=0.08 queue_pending=7
[00:12:44.492 INFO re_flora::app::core::emissive_voxel_lighting] [LOCAL_LIGHT][VOXEL_PROVIDER_FULL] chunk=UVec3(0, 0, 1) source_revision=Some(2) is_present=true dense_cells=0 emitter_voxels=0 scan_frames=5 worker_or_scan_cpu_ms=1.316 publication_cpu_ms=0.422 provider_changed=false provider_source_revision=0 provider_source_count=0 registry_revision=0 registry_source_revision=1 backlog_full_chunks=0 backlog_full_cells=0 backlog_priority_cells=0 discarded_stagings=0 stale_worker_results=0 worker_not_ready=0
[00:12:44.494 INFO re_flora::app::core::water::terrain] [WATER][TERRAIN] refreshed GPU filled-solid grid chunk UVec3(0, 0, 1) solid_samples 13386/32768 source_dim UVec3(32, 32, 32) atlas_offset=UVec3(0, 0, 256) atlas_dim=UVec3(256, 256, 256) sample_dim=UVec3(32, 32, 32) readback_samples=32768/32768 readback_bytes=131072 gpu_prepare=0.000ms gpu_submit=0.082ms gpu_completion_latency=8.460ms gpu_readback=0.017ms gpu_convert=0.014ms gpu_sample_total=8.593ms convert=0.004ms total=0.052ms
[00:12:44.497 INFO re_flora::app::core::emissive_voxel_lighting] [LOCAL_LIGHT][VOXEL_PROVIDER_SCHEDULE] full_chunks_scheduled=1 full_cells_scheduled=0 worker_submissions=1 worker_coalesced=0 discarded_stagings=0 local_max_cells=16 local_soft_budget_ms=0.250 backlog_full_chunks=1 backlog_full_cells=0 backlog_priority_cells=0 awaiting_dependency_cells=4096
[00:12:44.497 INFO re_flora::app::core::water::terrain] [WATER][TERRAIN] refreshed GPU filled-solid grid chunk UVec3(0, 1, 0) solid_samples 0/32768 source_dim UVec3(32, 32, 32) atlas_offset=UVec3(0, 256, 0) atlas_dim=UVec3(256, 256, 256) sample_dim=UVec3(32, 32, 32) readback_samples=32768/32768 readback_bytes=131072 gpu_prepare=0.001ms gpu_submit=0.066ms gpu_completion_latency=3.572ms gpu_readback=0.018ms gpu_convert=0.008ms gpu_sample_total=3.688ms convert=0.004ms total=0.051ms
[00:12:44.504 INFO re_flora::app::core::emissive_voxel_lighting] [LOCAL_LIGHT][VOXEL_PROVIDER_FULL] chunk=UVec3(1, 0, 0) source_revision=Some(2) is_present=true dense_cells=0 emitter_voxels=0 scan_frames=7 worker_or_scan_cpu_ms=1.389 publication_cpu_ms=0.420 provider_changed=false provider_source_revision=0 provider_source_count=0 registry_revision=0 registry_source_revision=1 backlog_full_chunks=0 backlog_full_cells=0 backlog_priority_cells=0 discarded_stagings=0 stale_worker_results=0 worker_not_ready=0
[00:12:44.513 INFO re_flora::app::core::water::terrain] [WATER][TERRAIN] refreshed GPU filled-solid grid chunk UVec3(1, 0, 0) solid_samples 16605/32768 source_dim UVec3(32, 32, 32) atlas_offset=UVec3(256, 0, 0) atlas_dim=UVec3(256, 256, 256) sample_dim=UVec3(32, 32, 32) readback_samples=32768/32768 readback_bytes=131072 gpu_prepare=0.000ms gpu_submit=0.047ms gpu_completion_latency=15.296ms gpu_readback=0.017ms gpu_convert=0.008ms gpu_sample_total=15.386ms convert=0.004ms total=0.047ms
[00:12:44.513 INFO re_flora::app::core::water::terrain] [WATER][TERRAIN] built collider chunk IVec3(1, 0, 1) rev 1 latest=true dim UVec3(32, 32, 32) bounds Vec3(1.0, 0.0, 1.0)..Vec3(2.0, 1.0, 2.0) sdf -0.576..0.597 sdf_hash 3a1d26b45edf90e0 solid_samples 16766/32768 source gpu-sampled-solid-grid source_chunk UVec3(1, 0, 1) source_dim UVec3(32, 32, 32) source_solid_voxels 16766 center_sdf=Some(-0.032258064) build_ms=12.57 phases solid=0.00 count=0.00 sdf=12.49 stats=0.08 queue_pending=6
[00:12:44.515 INFO re_flora::app::core::emissive_voxel_lighting] [LOCAL_LIGHT][VOXEL_PROVIDER_SCHEDULE] full_chunks_scheduled=1 full_cells_scheduled=0 worker_submissions=1 worker_coalesced=0 discarded_stagings=0 local_max_cells=16 local_soft_budget_ms=0.250 backlog_full_chunks=1 backlog_full_cells=0 backlog_priority_cells=0 awaiting_dependency_cells=0
[00:12:44.517 INFO re_flora::app::core::water::terrain] [WATER][TERRAIN] refreshed GPU filled-solid grid chunk UVec3(1, 1, 0) solid_samples 0/32768 source_dim UVec3(32, 32, 32) atlas_offset=UVec3(256, 256, 0) atlas_dim=UVec3(256, 256, 256) sample_dim=UVec3(32, 32, 32) readback_samples=32768/32768 readback_bytes=131072 gpu_prepare=0.001ms gpu_submit=0.087ms gpu_completion_latency=3.989ms gpu_readback=0.019ms gpu_convert=0.008ms gpu_sample_total=4.137ms convert=0.004ms total=0.059ms
[00:12:44.520 INFO re_flora::app::core::emissive_voxel_lighting] [LOCAL_LIGHT][VOXEL_PROVIDER_FULL] chunk=UVec3(1, 0, 1) source_revision=Some(2) is_present=true dense_cells=0 emitter_voxels=0 scan_frames=10 worker_or_scan_cpu_ms=2.401 publication_cpu_ms=0.416 provider_changed=false provider_source_revision=0 provider_source_count=0 registry_revision=0 registry_source_revision=1 backlog_full_chunks=0 backlog_full_cells=0 backlog_priority_cells=0 discarded_stagings=0 stale_worker_results=0 worker_not_ready=0
[00:12:44.521 INFO re_flora::app::core::water::terrain] [WATER][TERRAIN] refreshed GPU filled-solid grid chunk UVec3(1, 0, 1) solid_samples 16782/32768 source_dim UVec3(32, 32, 32) atlas_offset=UVec3(256, 0, 256) atlas_dim=UVec3(256, 256, 256) sample_dim=UVec3(32, 32, 32) readback_samples=32768/32768 readback_bytes=131072 gpu_prepare=0.001ms gpu_submit=0.091ms gpu_completion_latency=4.074ms gpu_readback=0.018ms gpu_convert=0.008ms gpu_sample_total=4.226ms convert=0.004ms total=0.061ms
[00:12:44.527 INFO re_flora::app::core::water::terrain] [WATER][TERRAIN] built collider chunk IVec3(0, 0, 0) rev 2 latest=true dim UVec3(32, 32, 32) bounds Vec3(0.0, 0.0, 0.0)..Vec3(1.0, 1.0, 1.0) sdf -0.507..0.649 sdf_hash 43e5ecf952c4a954 solid_samples 14168/32768 source gpu-sampled-solid-grid source_chunk UVec3(0, 0, 0) source_dim UVec3(32, 32, 32) source_solid_voxels 14168 center_sdf=Some(0.06451613) build_ms=9.49 phases solid=0.00 count=0.00 sdf=9.45 stats=0.04 queue_pending=5
[00:12:44.544 INFO re_flora::app::core::water::terrain] [WATER][TERRAIN] built collider chunk IVec3(1, 0, 0) rev 2 latest=true dim UVec3(32, 32, 32) bounds Vec3(1.0, 0.0, 0.0)..Vec3(2.0, 1.0, 1.0) sdf -0.557..0.532 sdf_hash 0677d463ae6efebe solid_samples 16605/32768 source gpu-sampled-solid-grid source_chunk UVec3(1, 0, 0) source_dim UVec3(32, 32, 32) source_solid_voxels 16605 center_sdf=Some(-0.029701713) build_ms=7.01 phases solid=0.00 count=0.00 sdf=6.97 stats=0.04 queue_pending=3
[00:12:44.564 INFO re_flora::app::core::water::terrain] [WATER][TERRAIN] built collider chunk IVec3(0, 0, 1) rev 2 latest=true dim UVec3(32, 32, 32) bounds Vec3(0.0, 0.0, 1.0)..Vec3(1.0, 1.0, 2.0) sdf -0.507..0.661 sdf_hash bd453807fdd86f37 solid_samples 13386/32768 source gpu-sampled-solid-grid source_chunk UVec3(0, 0, 1) source_dim UVec3(32, 32, 32) source_solid_voxels 13386 center_sdf=Some(0.09194806) build_ms=8.15 phases solid=0.00 count=0.00 sdf=8.10 stats=0.04 queue_pending=1
[00:12:44.578 INFO re_flora::app::core::water::terrain] [WATER][TERRAIN] built collider chunk IVec3(1, 0, 1) rev 2 latest=true dim UVec3(32, 32, 32) bounds Vec3(1.0, 0.0, 1.0)..Vec3(2.0, 1.0, 2.0) sdf -0.576..0.532 sdf_hash bb72a15b2b4f8617 solid_samples 16782/32768 source gpu-sampled-solid-grid source_chunk UVec3(1, 0, 1) source_dim UVec3(32, 32, 32) source_solid_voxels 16782 center_sdf=Some(-0.032258064) build_ms=6.91 phases solid=0.00 count=0.00 sdf=6.87 stats=0.04 queue_pending=0
[00:12:44.578 INFO re_flora::app::core::water::terrain] [WATER][TERRAIN] initialized startup collider batch
[00:12:44.598 INFO re_flora_water::mls_mpm::terrain] [WATER][TERRAIN_CACHE] rebuilt grid cache chunks=4 grid UVec3(64, 64, 64) nodes=262144 has_sdf=135168 near_surface=72665 normals=72665 band=0.06250 dx=0.03125 total_ms=20.39
[00:12:44.599 INFO re_flora_water::pond] [WATER][TERRAIN_STABILIZE] particles=0 sampled=0 corrected=0 clamped=0 total_correction=0.0000 avg_corrected=0.0000 max_corrected=0.0000 margin=0.00000 max_step=0.06250 min_sdf_before=NaN min_sdf_after=NaN
[00:12:44.957 INFO re_flora::app::core] [AUTO-EXIT] Exiting after 0.50s
[00:12:44.957 INFO re_flora::app::core::lifecycle] [SHUTDOWN] phase=quiesce_producers
[00:12:44.957 INFO re_flora::app::core::lifecycle] [SHUTDOWN] phase=consume_managed_gpu_jobs
[00:12:44.958 INFO re_flora::app::core::water::runtime] [WATER][THREAD] simulation thread stopped
[00:12:44.958 INFO re_flora::app::core::lifecycle] [SHUTDOWN] phase=join_dependent_workers
[00:12:44.958 INFO re_flora::app::core::lifecycle] [SHUTDOWN] phase=shutdown_audio
[00:12:44.958 INFO re_flora::audio::spatial_sound_manager] [AUDIO][ACOUSTICS] enabled=true quality_percent=100 solves=21 superseded=1 published=20 spatial_revision=14 geometry_version=21 solve_us_p50=1024 solve_us_p95=1024 solve_us_p99=2048 solve_us_max=1178 response_age_ms=24
[00:12:44.960 INFO re_flora::app::core::lifecycle] [SHUTDOWN] phase=wait_device_idle
[00:12:44.966 INFO re_flora::app::core::lifecycle] [SHUTDOWN] phase=complete failures=0
[00:12:45.004 INFO re_flora_vkn::context::vulkan_context] Destroying Vulkan Context
[00:12:45.072 INFO re_flora] Application exited successfully
[00:12:45.072 INFO re_flora] Run log saved to /home/terence/.herdr/worktrees/re-flora/worktree-rtx-voxel-hardware-rt/target/re-flora-logs/re-flora-20260905-001217.449-233366.log
